Building bootstrap
running: /Users/girivs/src/rust-tantraos/build/aarch64-apple-darwin/stage0/bin/cargo build --manifest-path /Users/girivs/src/rust-tantraos/src/bootstrap/Cargo.toml -Zroot-dir=/Users/girivs/src/rust-tantraos --verbose
       Fresh unicode-ident v1.0.13
       Fresh version_check v0.9.5
       Fresh memchr v2.7.4
       Fresh shlex v1.3.0
       Fresh pkg-config v0.3.31
       Fresh regex-syntax v0.8.5
       Fresh cfg-if v1.0.0
       Fresh clap_lex v0.7.2
       Fresh heck v0.5.0
       Fresh proc-macro2 v1.0.89
       Fresh cc v1.2.28
       Fresh aho-corasick v1.1.3
       Fresh anstyle v1.0.10
       Fresh bstr v1.10.0
       Fresh log v0.4.22
       Fresh same-file v1.0.6
       Fresh quote v1.0.37
       Fresh libc v0.2.174
       Fresh typenum v1.17.0
       Fresh serde v1.0.215
       Fresh crossbeam-utils v0.8.20
       Fresh clap_builder v4.5.20
       Fresh regex-automata v0.4.9
       Fresh walkdir v2.5.0
       Fresh ryu v1.0.18
       Fresh itoa v1.0.11
       Fresh syn v2.0.87
       Fresh generic-array v0.14.7
       Fresh crossbeam-epoch v0.9.18
       Fresh filetime v0.2.26
       Fresh cpufeatures v0.2.15
       Fresh globset v0.4.15
       Fresh semver v1.0.23
       Fresh toml v0.5.11
       Fresh serde_json v1.0.132
       Fresh cmake v0.1.54
       Fresh object v0.36.5
       Fresh opener v0.8.2
       Fresh clap_derive v4.5.18
       Fresh crypto-common v0.1.6
       Fresh block-buffer v0.10.4
       Fresh serde_derive v1.0.215
       Fresh crossbeam-deque v0.8.5
       Fresh lzma-sys v0.1.20
       Fresh tar v0.4.44
       Fresh termcolor v1.4.1
       Fresh home v0.5.11
       Fresh clap v4.5.20
       Fresh digest v0.10.7
       Fresh build_helper v0.1.0 (/Users/girivs/src/rust-tantraos/src/build_helper)
       Fresh xz2 v0.1.7
       Fresh ignore v0.4.23
       Fresh sha2 v0.10.8
       Fresh clap_complete v4.5.37
       Fresh bootstrap v0.0.0 (/Users/girivs/src/rust-tantraos/src/bootstrap)
    Finished `dev` profile [unoptimized] target(s) in 0.06s
running: /Users/girivs/src/rust-tantraos/build/bootstrap/debug/bootstrap build --stage 1 --target aarch64-tantraos -j 10
WARNING: setting `optimize` to `false` is known to cause errors and should be considered unsupported. Refer to `bootstrap.example.toml` for more details.
downloading stage0 beta artifacts
running: "/Users/girivs/src/rust-tantraos/build/aarch64-apple-darwin/stage0/bin/rustc" "--print" "sysroot" (failure_mode=Exit) (created at src/bootstrap/src/core/config/config.rs:697:13, executed at src/bootstrap/src/core/config/config.rs:700:18)
downloading stage0 beta artifacts
Cache hit: cd "/Users/girivs/src/rust-tantraos" && env -u GIT_ALTERNATE_OBJECT_DIRECTORIES -u GIT_DIR -u GIT_INDEX_FILE -u GIT_OBJECT_DIRECTORY -u GIT_WORK_TREE "git" "rev-parse" (failure_mode=Ignore)
Cache hit: cd "/Users/girivs/src/rust-tantraos" && env -u GIT_ALTERNATE_OBJECT_DIRECTORIES -u GIT_DIR -u GIT_INDEX_FILE -u GIT_OBJECT_DIRECTORY -u GIT_WORK_TREE "git" "log" "-1" "--date=short" "--pretty=format:%cd" (failure_mode=Exit)
Cache hit: cd "/Users/girivs/src/rust-tantraos" && env -u GIT_ALTERNATE_OBJECT_DIRECTORIES -u GIT_DIR -u GIT_INDEX_FILE -u GIT_OBJECT_DIRECTORY -u GIT_WORK_TREE "git" "rev-parse" "HEAD" (failure_mode=Exit)
Cache hit: cd "/Users/girivs/src/rust-tantraos" && env -u GIT_ALTERNATE_OBJECT_DIRECTORIES -u GIT_DIR -u GIT_INDEX_FILE -u GIT_OBJECT_DIRECTORY -u GIT_WORK_TREE "git" "rev-parse" "--short=9" "HEAD" (failure_mode=Exit)
running: cd "/Users/girivs/src/rust-tantraos/src/llvm-project" && env -u GIT_ALTERNATE_OBJECT_DIRECTORIES -u GIT_DIR -u GIT_INDEX_FILE -u GIT_OBJECT_DIRECTORY -u GIT_WORK_TREE "git" "rev-parse" (failure_mode=Ignore) (created at src/bootstrap/src/utils/channel.rs:47:31, executed at src/bootstrap/src/utils/channel.rs:49:50)
running: cd "/Users/girivs/src/rust-tantraos/src/llvm-project" && env -u GIT_ALTERNATE_OBJECT_DIRECTORIES -u GIT_DIR -u GIT_INDEX_FILE -u GIT_OBJECT_DIRECTORY -u GIT_WORK_TREE "git" "log" "-1" "--date=short" "--pretty=format:%cd" (failure_mode=Exit) (created at src/bootstrap/src/utils/channel.rs:63:31, executed at src/bootstrap/src/utils/channel.rs:70:14)
running: cd "/Users/girivs/src/rust-tantraos/src/llvm-project" && env -u GIT_ALTERNATE_OBJECT_DIRECTORIES -u GIT_DIR -u GIT_INDEX_FILE -u GIT_OBJECT_DIRECTORY -u GIT_WORK_TREE "git" "rev-parse" "HEAD" (failure_mode=Exit) (created at src/bootstrap/src/utils/channel.rs:72:32, executed at src/bootstrap/src/utils/channel.rs:77:14)
running: cd "/Users/girivs/src/rust-tantraos/src/llvm-project" && env -u GIT_ALTERNATE_OBJECT_DIRECTORIES -u GIT_DIR -u GIT_INDEX_FILE -u GIT_OBJECT_DIRECTORY -u GIT_WORK_TREE "git" "rev-parse" "--short=9" "HEAD" (failure_mode=Exit) (created at src/bootstrap/src/utils/channel.rs:79:38, executed at src/bootstrap/src/utils/channel.rs:85:14)
WARNING: The `change-id` is missing in the `bootstrap.toml`. This means that you will not be able to track the major changes made to the bootstrap configurations.
NOTE: to silence this warning, add `change-id = 146435` or `change-id = "ignore"` at the top of `bootstrap.toml`
running: "/Users/girivs/src/rust-tantraos/build/aarch64-apple-darwin/stage0/bin/rustc" "--print" "target-libdir" (failure_mode=Exit) (created at src/bootstrap/src/lib.rs:485:37, executed at src/bootstrap/src/lib.rs:488:14)
running: "/Users/girivs/src/rust-tantraos/build/aarch64-apple-darwin/stage0/bin/rustc" "--version" "--verbose" (failure_mode=Exit) (created at src/bootstrap/src/lib.rs:595:37, executed at src/bootstrap/src/lib.rs:598:14)
finding compilers
CC_aarch64-tantraos = "clang"
CFLAGS_aarch64-tantraos = ["-ffunction-sections", "-fdata-sections", "-fPIC", "--target=aarch64-unknown-tantraos"]
CXX_aarch64-tantraos = "clang++"
CXXFLAGS_aarch64-tantraos = ["-ffunction-sections", "-fdata-sections", "-fPIC", "--target=aarch64-unknown-tantraos"]
AR_aarch64-tantraos = "ar"
CC_aarch64-apple-darwin = "cc"
CFLAGS_aarch64-apple-darwin = ["-ffunction-sections", "-fdata-sections", "-fPIC", "--target=arm64-apple-macosx", "-mmacosx-version-min=26.0"]
CXX_aarch64-apple-darwin = "c++"
CXXFLAGS_aarch64-apple-darwin = ["-ffunction-sections", "-fdata-sections", "-fPIC", "--target=arm64-apple-macosx", "-mmacosx-version-min=26.0", "-stdlib=libc++"]
AR_aarch64-apple-darwin = "ar"
running sanity check
running: "/Users/girivs/src/rust-tantraos/build/aarch64-apple-darwin/libcxx-version/libcxx-version" (failure_mode=Exit) (created at src/bootstrap/src/core/build_steps/tool.rs:1265:30, executed at src/bootstrap/src/core/build_steps/tool.rs:1265:50)
running: "/Users/girivs/src/rust-tantraos/build/aarch64-apple-darwin/stage0/bin/rustc" "--print" "target-list" (failure_mode=Exit) (created at src/bootstrap/src/core/sanity.rs:205:57, executed at src/bootstrap/src/core/sanity.rs:208:10)
running: cd "/Users/girivs/src/rust-tantraos/library/backtrace" && env -u GIT_ALTERNATE_OBJECT_DIRECTORIES -u GIT_DIR -u GIT_INDEX_FILE -u GIT_OBJECT_DIRECTORY -u GIT_WORK_TREE "git" "rev-parse" (failure_mode=Ignore) (created at src/bootstrap/src/utils/channel.rs:47:31, executed at src/bootstrap/src/utils/channel.rs:49:50)
running: cd "/Users/girivs/src/rust-tantraos/library/backtrace" && env -u GIT_ALTERNATE_OBJECT_DIRECTORIES -u GIT_DIR -u GIT_INDEX_FILE -u GIT_OBJECT_DIRECTORY -u GIT_WORK_TREE "git" "log" "-1" "--date=short" "--pretty=format:%cd" (failure_mode=Exit) (created at src/bootstrap/src/utils/channel.rs:63:31, executed at src/bootstrap/src/utils/channel.rs:70:14)
running: cd "/Users/girivs/src/rust-tantraos/library/backtrace" && env -u GIT_ALTERNATE_OBJECT_DIRECTORIES -u GIT_DIR -u GIT_INDEX_FILE -u GIT_OBJECT_DIRECTORY -u GIT_WORK_TREE "git" "rev-parse" "HEAD" (failure_mode=Exit) (created at src/bootstrap/src/utils/channel.rs:72:32, executed at src/bootstrap/src/utils/channel.rs:77:14)
running: cd "/Users/girivs/src/rust-tantraos/library/backtrace" && env -u GIT_ALTERNATE_OBJECT_DIRECTORIES -u GIT_DIR -u GIT_INDEX_FILE -u GIT_OBJECT_DIRECTORY -u GIT_WORK_TREE "git" "rev-parse" "--short=9" "HEAD" (failure_mode=Exit) (created at src/bootstrap/src/utils/channel.rs:79:38, executed at src/bootstrap/src/utils/channel.rs:85:14)
Cache hit: cd "/Users/girivs/src/rust-tantraos/library/backtrace" && env -u GIT_ALTERNATE_OBJECT_DIRECTORIES -u GIT_DIR -u GIT_INDEX_FILE -u GIT_OBJECT_DIRECTORY -u GIT_WORK_TREE "git" "rev-parse" "HEAD" (failure_mode=Exit)
running: cd "/Users/girivs/src/rust-tantraos" && env -u GIT_ALTERNATE_OBJECT_DIRECTORIES -u GIT_DIR -u GIT_INDEX_FILE -u GIT_OBJECT_DIRECTORY -u GIT_WORK_TREE "git" "ls-tree" "HEAD" "library/backtrace" (failure_mode=Exit) (created at src/bootstrap/src/core/config/config.rs:2263:20, executed at src/bootstrap/src/core/config/config.rs:2267:10)
running: cd "/Users/girivs/src/rust-tantraos" && env -u GIT_ALTERNATE_OBJECT_DIRECTORIES -u GIT_DIR -u GIT_INDEX_FILE -u GIT_OBJECT_DIRECTORY -u GIT_WORK_TREE "git" "config" "--file" ".gitmodules" "--get-regexp" "path" (failure_mode=Exit) (created at src/bootstrap/src/lib.rs:715:22, executed at src/bootstrap/src/lib.rs:719:14)
running: cd "src/llvm-project" && env -u GIT_ALTERNATE_OBJECT_DIRECTORIES -u GIT_DIR -u GIT_INDEX_FILE -u GIT_OBJECT_DIRECTORY -u GIT_WORK_TREE "git" "rev-parse" (failure_mode=Ignore) (created at src/bootstrap/src/utils/channel.rs:47:31, executed at src/bootstrap/src/utils/channel.rs:49:50)
running: cd "library/backtrace" && env -u GIT_ALTERNATE_OBJECT_DIRECTORIES -u GIT_DIR -u GIT_INDEX_FILE -u GIT_OBJECT_DIRECTORY -u GIT_WORK_TREE "git" "rev-parse" (failure_mode=Ignore) (created at src/bootstrap/src/utils/channel.rs:47:31, executed at src/bootstrap/src/utils/channel.rs:49:50)
running: cd "src/llvm-project" && env -u GIT_ALTERNATE_OBJECT_DIRECTORIES -u GIT_DIR -u GIT_INDEX_FILE -u GIT_OBJECT_DIRECTORY -u GIT_WORK_TREE "git" "log" "-1" "--date=short" "--pretty=format:%cd" (failure_mode=Exit) (created at src/bootstrap/src/utils/channel.rs:63:31, executed at src/bootstrap/src/utils/channel.rs:70:14)
running: cd "library/backtrace" && env -u GIT_ALTERNATE_OBJECT_DIRECTORIES -u GIT_DIR -u GIT_INDEX_FILE -u GIT_OBJECT_DIRECTORY -u GIT_WORK_TREE "git" "log" "-1" "--date=short" "--pretty=format:%cd" (failure_mode=Exit) (created at src/bootstrap/src/utils/channel.rs:63:31, executed at src/bootstrap/src/utils/channel.rs:70:14)
running: cd "src/llvm-project" && env -u GIT_ALTERNATE_OBJECT_DIRECTORIES -u GIT_DIR -u GIT_INDEX_FILE -u GIT_OBJECT_DIRECTORY -u GIT_WORK_TREE "git" "rev-parse" "HEAD" (failure_mode=Exit) (created at src/bootstrap/src/utils/channel.rs:72:32, executed at src/bootstrap/src/utils/channel.rs:77:14)
running: cd "library/backtrace" && env -u GIT_ALTERNATE_OBJECT_DIRECTORIES -u GIT_DIR -u GIT_INDEX_FILE -u GIT_OBJECT_DIRECTORY -u GIT_WORK_TREE "git" "rev-parse" "HEAD" (failure_mode=Exit) (created at src/bootstrap/src/utils/channel.rs:72:32, executed at src/bootstrap/src/utils/channel.rs:77:14)
running: cd "library/backtrace" && env -u GIT_ALTERNATE_OBJECT_DIRECTORIES -u GIT_DIR -u GIT_INDEX_FILE -u GIT_OBJECT_DIRECTORY -u GIT_WORK_TREE "git" "rev-parse" "--short=9" "HEAD" (failure_mode=Exit) (created at src/bootstrap/src/utils/channel.rs:79:38, executed at src/bootstrap/src/utils/channel.rs:85:14)
running: cd "src/llvm-project" && env -u GIT_ALTERNATE_OBJECT_DIRECTORIES -u GIT_DIR -u GIT_INDEX_FILE -u GIT_OBJECT_DIRECTORY -u GIT_WORK_TREE "git" "rev-parse" "--short=9" "HEAD" (failure_mode=Exit) (created at src/bootstrap/src/utils/channel.rs:79:38, executed at src/bootstrap/src/utils/channel.rs:85:14)
Cache hit: cd "/Users/girivs/src/rust-tantraos/src/llvm-project" && env -u GIT_ALTERNATE_OBJECT_DIRECTORIES -u GIT_DIR -u GIT_INDEX_FILE -u GIT_OBJECT_DIRECTORY -u GIT_WORK_TREE "git" "rev-parse" (failure_mode=Ignore)
Cache hit: cd "/Users/girivs/src/rust-tantraos/src/llvm-project" && env -u GIT_ALTERNATE_OBJECT_DIRECTORIES -u GIT_DIR -u GIT_INDEX_FILE -u GIT_OBJECT_DIRECTORY -u GIT_WORK_TREE "git" "log" "-1" "--date=short" "--pretty=format:%cd" (failure_mode=Exit)
Cache hit: cd "/Users/girivs/src/rust-tantraos/src/llvm-project" && env -u GIT_ALTERNATE_OBJECT_DIRECTORIES -u GIT_DIR -u GIT_INDEX_FILE -u GIT_OBJECT_DIRECTORY -u GIT_WORK_TREE "git" "rev-parse" "HEAD" (failure_mode=Exit)
Cache hit: cd "/Users/girivs/src/rust-tantraos/src/llvm-project" && env -u GIT_ALTERNATE_OBJECT_DIRECTORIES -u GIT_DIR -u GIT_INDEX_FILE -u GIT_OBJECT_DIRECTORY -u GIT_WORK_TREE "git" "rev-parse" "--short=9" "HEAD" (failure_mode=Exit)
Cache hit: cd "/Users/girivs/src/rust-tantraos/src/llvm-project" && env -u GIT_ALTERNATE_OBJECT_DIRECTORIES -u GIT_DIR -u GIT_INDEX_FILE -u GIT_OBJECT_DIRECTORY -u GIT_WORK_TREE "git" "rev-parse" "HEAD" (failure_mode=Exit)
running: cd "/Users/girivs/src/rust-tantraos" && env -u GIT_ALTERNATE_OBJECT_DIRECTORIES -u GIT_DIR -u GIT_INDEX_FILE -u GIT_OBJECT_DIRECTORY -u GIT_WORK_TREE "git" "ls-tree" "HEAD" "src/llvm-project" (failure_mode=Exit) (created at src/bootstrap/src/core/config/config.rs:2263:20, executed at src/bootstrap/src/core/config/config.rs:2267:10)
Cache hit: cd "/Users/girivs/src/rust-tantraos/library/backtrace" && env -u GIT_ALTERNATE_OBJECT_DIRECTORIES -u GIT_DIR -u GIT_INDEX_FILE -u GIT_OBJECT_DIRECTORY -u GIT_WORK_TREE "git" "rev-parse" (failure_mode=Ignore)
Cache hit: cd "/Users/girivs/src/rust-tantraos/library/backtrace" && env -u GIT_ALTERNATE_OBJECT_DIRECTORIES -u GIT_DIR -u GIT_INDEX_FILE -u GIT_OBJECT_DIRECTORY -u GIT_WORK_TREE "git" "log" "-1" "--date=short" "--pretty=format:%cd" (failure_mode=Exit)
Cache hit: cd "/Users/girivs/src/rust-tantraos/library/backtrace" && env -u GIT_ALTERNATE_OBJECT_DIRECTORIES -u GIT_DIR -u GIT_INDEX_FILE -u GIT_OBJECT_DIRECTORY -u GIT_WORK_TREE "git" "rev-parse" "HEAD" (failure_mode=Exit)
Cache hit: cd "/Users/girivs/src/rust-tantraos/library/backtrace" && env -u GIT_ALTERNATE_OBJECT_DIRECTORIES -u GIT_DIR -u GIT_INDEX_FILE -u GIT_OBJECT_DIRECTORY -u GIT_WORK_TREE "git" "rev-parse" "--short=9" "HEAD" (failure_mode=Exit)
Cache hit: cd "/Users/girivs/src/rust-tantraos/library/backtrace" && env -u GIT_ALTERNATE_OBJECT_DIRECTORIES -u GIT_DIR -u GIT_INDEX_FILE -u GIT_OBJECT_DIRECTORY -u GIT_WORK_TREE "git" "rev-parse" "HEAD" (failure_mode=Exit)
Cache hit: cd "/Users/girivs/src/rust-tantraos" && env -u GIT_ALTERNATE_OBJECT_DIRECTORIES -u GIT_DIR -u GIT_INDEX_FILE -u GIT_OBJECT_DIRECTORY -u GIT_WORK_TREE "git" "ls-tree" "HEAD" "library/backtrace" (failure_mode=Exit)
learning about cargo
running: RUSTC_BOOTSTRAP="1" "/Users/girivs/src/rust-tantraos/build/aarch64-apple-darwin/stage0/bin/cargo" "metadata" "--format-version" "1" "--no-deps" "--manifest-path" "/Users/girivs/src/rust-tantraos/Cargo.toml" (failure_mode=Exit) (created at src/bootstrap/src/core/metadata.rs:80:25, executed at src/bootstrap/src/core/metadata.rs:91:54)
running: RUSTC_BOOTSTRAP="1" "/Users/girivs/src/rust-tantraos/build/aarch64-apple-darwin/stage0/bin/cargo" "metadata" "--format-version" "1" "--no-deps" "--manifest-path" "/Users/girivs/src/rust-tantraos/library/Cargo.toml" (failure_mode=Exit) (created at src/bootstrap/src/core/metadata.rs:80:25, executed at src/bootstrap/src/core/metadata.rs:91:54)
Removing sysroot /Users/girivs/src/rust-tantraos/build/aarch64-apple-darwin/stage1 to avoid caching bugs
LLVM freshness: LastModifiedUpstream { upstream: "9d82de19dfae60e55c291f5f28e28cfc2c1b9630" }
Removing sysroot /Users/girivs/src/rust-tantraos/build/aarch64-apple-darwin/stage0-sysroot to avoid caching bugs
running: "/Users/girivs/src/rust-tantraos/build/aarch64-apple-darwin/stage0/bin/rustc" "--print" "sysroot" (failure_mode=Exit) (created at src/bootstrap/src/lib.rs:1079:13, executed at src/bootstrap/src/lib.rs:1082:18)
LLVM freshness: LastModifiedUpstream { upstream: "9d82de19dfae60e55c291f5f28e28cfc2c1b9630" }
running: cd "/Users/girivs/src/rust-tantraos" && env -u MAKEFLAGS -u MFLAGS CARGO_BUILD_BUILD_DIR="/Users/girivs/src/rust-tantraos/build/aarch64-apple-darwin/stage1-rustc" CARGO_INCREMENTAL="0" CARGO_LOG="cargo::core::compiler::fingerprint=info" CARGO_PROFILE_DEV_CODEGEN_UNITS="16" CARGO_PROFILE_DEV_DEBUG="0" CARGO_PROFILE_DEV_DEBUG_ASSERTIONS="false" CARGO_PROFILE_DEV_OVERFLOW_CHECKS="false" CARGO_PROFILE_DEV_STRIP="false" CARGO_TARGET_AARCH64_APPLE_DARWIN_LINKER="" CARGO_TARGET_DIR="/Users/girivs/src/rust-tantraos/build/aarch64-apple-darwin/stage1-rustc" CC_aarch64_apple_darwin="" CFG_COMPILER_BUILD_TRIPLE="aarch64-apple-darwin" CFG_COMPILER_HOST_TRIPLE="aarch64-apple-darwin" CFG_DEFAULT_CODEGEN_BACKEND="llvm" CFG_LIBDIR_RELATIVE="lib" CFG_RELEASE="1.92.0-nightly" CFG_RELEASE_CHANNEL="nightly" CFG_VERSION="1.92.0-nightly (5b63cd28a 2025-09-16)" CFG_VER_DATE="2025-09-16" CFG_VER_HASH="5b63cd28a2480a95186d54a20b4e64ee38bfaff9" CFLAGS_aarch64_apple_darwin="" CXXFLAGS_aarch64_apple_darwin="-stdlib=libc++" CXX_aarch64_apple_darwin="" LIBC_CHECK_CFG="1" LLVM_CONFIG="/Users/girivs/src/rust-tantraos/build/aarch64-apple-darwin/ci-llvm/bin/llvm-config" LLVM_RUSTLLVM="1" REAL_LIBRARY_PATH_VAR="DYLD_LIBRARY_PATH" RUSTBUILD_NATIVE_DIR="/Users/girivs/src/rust-tantraos/build/aarch64-apple-darwin/native" RUSTC="/Users/girivs/src/rust-tantraos/build/bootstrap/debug/rustc" RUSTC_BOOTSTRAP="1" RUSTC_BREAK_ON_ICE="1" RUSTC_ERROR_METADATA_DST="/Users/girivs/src/rust-tantraos/build/tmp/extended-error-metadata" RUSTC_FORCE_UNSTABLE="1" RUSTC_HOST_FLAGS="--check-cfg=cfg(bootstrap) --cfg=bootstrap -Clinker=" RUSTC_INSTALL_BINDIR="bin" RUSTC_LIBDIR="/Users/girivs/src/rust-tantraos/build/aarch64-apple-darwin/stage0/lib" RUSTC_LINK_STD_INTO_RUSTC_DRIVER="1" RUSTC_LINT_FLAGS="-Wrust_2018_idioms -Wunused_lifetimes -Dwarnings -Wrustc::internal -Drustc::symbol_intern_string_literal -Wkeyword_idents_2024 -Wunreachable_pub -Wunsafe_op_in_unsafe_fn -Wunused_crate_dependencies" RUSTC_REAL="/Users/girivs/src/rust-tantraos/build/aarch64-apple-darwin/stage0/bin/rustc" RUSTC_SNAPSHOT="/Users/girivs/src/rust-tantraos/build/aarch64-apple-darwin/stage0/bin/rustc" RUSTC_SNAPSHOT_LIBDIR="/Users/girivs/src/rust-tantraos/build/aarch64-apple-darwin/stage0/lib" RUSTC_STAGE="0" RUSTC_SYSROOT="/Users/girivs/src/rust-tantraos/build/aarch64-apple-darwin/stage0-sysroot" RUSTC_TLS_MODEL_INITIAL_EXEC="1" RUSTC_VERBOSE="1" RUSTC_WRAPPER="/Users/girivs/src/rust-tantraos/build/bootstrap/debug/rustc" RUSTDOC="/Users/girivs/src/rust-tantraos/build/bootstrap/debug/rustdoc" RUSTDOCFLAGS="--cfg=bootstrap --cfg=windows_raw_dylib -Csymbol-mangling-version=v0 -Zunstable-options --check-cfg=cfg(bootstrap) --check-cfg=cfg(llvm_enzyme) -Dwarnings -Wrustdoc::invalid_codeblock_attributes --crate-version 1.92.0-nightly\t(5b63cd28a\t2025-09-16) -Clinker= -Zcrate-attr=warn(rust_2018_idioms)" RUSTDOC_REAL="/path/to/nowhere/rustdoc/not/required" RUSTFLAGS="--cfg=bootstrap --cfg=windows_raw_dylib -Csymbol-mangling-version=v0 -Zunstable-options --check-cfg=cfg(bootstrap) --check-cfg=cfg(llvm_enzyme) -Zmacro-backtrace -Csplit-debuginfo=unpacked -Zosx-rpath-install-name -Clink-args=-Wl,-rpath,@loader_path/../lib -Alinker-messages -Zon-broken-pipe=kill -Clto=off" RUST_TEST_THREADS="10" WINAPI_NO_BUNDLED_LIBRARIES="1" __CARGO_DEFAULT_LIB_METADATA="bootstrap1.92.0" "/Users/girivs/src/rust-tantraos/build/aarch64-apple-darwin/stage0/bin/cargo" "build" "--target" "aarch64-apple-darwin" "-Zbinary-dep-depinfo" "-j" "10" "-Zroot-dir=/Users/girivs/src/rust-tantraos" "-v" "--features" "llvm max_level_info" "--manifest-path" "/Users/girivs/src/rust-tantraos/compiler/rustc/Cargo.toml" "--message-format" "json-render-diagnostics" (failure_mode=Exit)
Cache hit: cd "/Users/girivs/src/rust-tantraos/src/llvm-project" && env -u GIT_ALTERNATE_OBJECT_DIRECTORIES -u GIT_DIR -u GIT_INDEX_FILE -u GIT_OBJECT_DIRECTORY -u GIT_WORK_TREE "git" "rev-parse" (failure_mode=Ignore)
Cache hit: cd "/Users/girivs/src/rust-tantraos/src/llvm-project" && env -u GIT_ALTERNATE_OBJECT_DIRECTORIES -u GIT_DIR -u GIT_INDEX_FILE -u GIT_OBJECT_DIRECTORY -u GIT_WORK_TREE "git" "log" "-1" "--date=short" "--pretty=format:%cd" (failure_mode=Exit)
Cache hit: cd "/Users/girivs/src/rust-tantraos/src/llvm-project" && env -u GIT_ALTERNATE_OBJECT_DIRECTORIES -u GIT_DIR -u GIT_INDEX_FILE -u GIT_OBJECT_DIRECTORY -u GIT_WORK_TREE "git" "rev-parse" "HEAD" (failure_mode=Exit)
Cache hit: cd "/Users/girivs/src/rust-tantraos/src/llvm-project" && env -u GIT_ALTERNATE_OBJECT_DIRECTORIES -u GIT_DIR -u GIT_INDEX_FILE -u GIT_OBJECT_DIRECTORY -u GIT_WORK_TREE "git" "rev-parse" "--short=9" "HEAD" (failure_mode=Exit)
Cache hit: cd "/Users/girivs/src/rust-tantraos/src/llvm-project" && env -u GIT_ALTERNATE_OBJECT_DIRECTORIES -u GIT_DIR -u GIT_INDEX_FILE -u GIT_OBJECT_DIRECTORY -u GIT_WORK_TREE "git" "rev-parse" "HEAD" (failure_mode=Exit)
Cache hit: cd "/Users/girivs/src/rust-tantraos" && env -u GIT_ALTERNATE_OBJECT_DIRECTORIES -u GIT_DIR -u GIT_INDEX_FILE -u GIT_OBJECT_DIRECTORY -u GIT_WORK_TREE "git" "ls-tree" "HEAD" "src/llvm-project" (failure_mode=Exit)
running: cd "/Users/girivs/src/rust-tantraos" && env -u MAKEFLAGS -u MFLAGS CARGO_BUILD_BUILD_DIR="/Users/girivs/src/rust-tantraos/build/aarch64-apple-darwin/stage1-std" CARGO_INCREMENTAL="0" CARGO_LOG="cargo::core::compiler::fingerprint=info" CARGO_PROFILE_DEV_CODEGEN_UNITS="16" CARGO_PROFILE_DEV_DEBUG="0" CARGO_PROFILE_DEV_DEBUG_ASSERTIONS="false" CARGO_PROFILE_DEV_OVERFLOW_CHECKS="false" CARGO_PROFILE_DEV_STRIP="false" CARGO_TARGET_AARCH64_TANTRAOS_LINKER="" CARGO_TARGET_DIR="/Users/girivs/src/rust-tantraos/build/aarch64-apple-darwin/stage1-std" CC_aarch64_tantraos="" CFG_COMPILER_BUILD_TRIPLE="aarch64-apple-darwin" CFG_COMPILER_HOST_TRIPLE="aarch64-tantraos" CFG_RELEASE_CHANNEL="nightly" CFLAGS_aarch64_tantraos="" CXXFLAGS_aarch64_tantraos="" CXX_aarch64_tantraos="" LIBC_CHECK_CFG="1" REAL_LIBRARY_PATH_VAR="DYLD_LIBRARY_PATH" RUSTBUILD_NATIVE_DIR="/Users/girivs/src/rust-tantraos/build/aarch64-tantraos/native" RUSTC="/Users/girivs/src/rust-tantraos/build/bootstrap/debug/rustc" RUSTC_BOOTSTRAP="1" RUSTC_BREAK_ON_ICE="1" RUSTC_ERROR_METADATA_DST="/Users/girivs/src/rust-tantraos/build/tmp/extended-error-metadata" RUSTC_FORCE_UNSTABLE="1" RUSTC_HOST_FLAGS="-Clinker=" RUSTC_INSTALL_BINDIR="bin" RUSTC_LIBDIR="/Users/girivs/src/rust-tantraos/build/aarch64-apple-darwin/stage1/lib" RUSTC_LINK_STD_INTO_RUSTC_DRIVER="1" RUSTC_LINT_FLAGS="-Wrust_2018_idioms -Wunused_lifetimes -Dwarnings" RUSTC_REAL="/Users/girivs/src/rust-tantraos/build/aarch64-apple-darwin/stage1/bin/rustc" RUSTC_SNAPSHOT="/Users/girivs/src/rust-tantraos/build/aarch64-apple-darwin/stage0/bin/rustc" RUSTC_SNAPSHOT_LIBDIR="/Users/girivs/src/rust-tantraos/build/aarch64-apple-darwin/stage0/lib" RUSTC_STAGE="1" RUSTC_SYSROOT="/Users/girivs/src/rust-tantraos/build/aarch64-apple-darwin/stage1" RUSTC_VERBOSE="1" RUSTC_WRAPPER="/Users/girivs/src/rust-tantraos/build/bootstrap/debug/rustc" RUSTDOC="/Users/girivs/src/rust-tantraos/build/bootstrap/debug/rustdoc" RUSTDOCFLAGS="-Csymbol-mangling-version=legacy --check-cfg=cfg(feature,values(any())) -Zunstable-options -Dwarnings -Wrustdoc::invalid_codeblock_attributes --crate-version 1.92.0-nightly\t(5b63cd28a\t2025-09-16) -Clinker= -Zcrate-attr=doc(html_root_url=\"https://doc.rust-lang.org/nightly/\") -Zcrate-attr=warn(rust_2018_idioms)" RUSTDOC_REAL="/path/to/nowhere/rustdoc/not/required" RUSTFLAGS="-Csymbol-mangling-version=legacy --check-cfg=cfg(feature,values(any())) -Zunstable-options -Zmacro-backtrace -Csplit-debuginfo=off -Cprefer-dynamic -Zinline-mir -Zinline-mir-preserve-debug -Zmir_strip_debuginfo=locals-in-tiny-functions -Clink-args=-Wl,-z,origin -Clink-args=-Wl,-rpath,$ORIGIN/../lib -Alinker-messages -Cembed-bitcode=yes -Clto=off -Zunstable-options -Cforce-frame-pointers=non-leaf -Zcrate-attr=doc(html_root_url=\"https://doc.rust-lang.org/nightly/\")" RUST_COMPILER_RT_ROOT="/Users/girivs/src/rust-tantraos/src/llvm-project/compiler-rt" RUST_TEST_THREADS="10" WINAPI_NO_BUNDLED_LIBRARIES="1" __CARGO_DEFAULT_LIB_METADATA="nightlystd1.92.0" "/Users/girivs/src/rust-tantraos/build/aarch64-apple-darwin/stage0/bin/cargo" "build" "--target" "aarch64-tantraos" "-Zbinary-dep-depinfo" "-j" "10" "-Zroot-dir=/Users/girivs/src/rust-tantraos" "-v" "--features" "backtrace panic-unwind compiler-builtins-c" "--manifest-path" "/Users/girivs/src/rust-tantraos/library/sysroot/Cargo.toml" "-p" "alloc" "-p" "compiler_builtins" "-p" "core" "-p" "panic_abort" "-p" "panic_unwind" "-p" "proc_macro" "-p" "rustc-std-workspace-core" "-p" "std" "-p" "std_detect" "-p" "sysroot" "-p" "test" "-p" "unwind" "--message-format" "json-render-diagnostics" (failure_mode=Exit)
running: cd "/Users/girivs/src/rust-tantraos" && env -u MAKEFLAGS -u MFLAGS CARGO_BUILD_BUILD_DIR="/Users/girivs/src/rust-tantraos/build/aarch64-apple-darwin/stage1-tools" CARGO_INCREMENTAL="0" CARGO_LOG="cargo::core::compiler::fingerprint=info" CARGO_PROFILE_DEV_CODEGEN_UNITS="16" CARGO_PROFILE_DEV_DEBUG="0" CARGO_PROFILE_DEV_DEBUG_ASSERTIONS="false" CARGO_PROFILE_DEV_OVERFLOW_CHECKS="false" CARGO_PROFILE_DEV_STRIP="false" CARGO_TARGET_AARCH64_APPLE_DARWIN_LINKER="" CARGO_TARGET_DIR="/Users/girivs/src/rust-tantraos/build/aarch64-apple-darwin/stage1-tools" CC_aarch64_apple_darwin="" CFG_COMPILER_BUILD_TRIPLE="aarch64-apple-darwin" CFG_COMPILER_HOST_TRIPLE="aarch64-apple-darwin" CFG_RELEASE="1.92.0-nightly" CFG_RELEASE_CHANNEL="nightly" CFG_RELEASE_NUM="1.92.0" CFG_VERSION="1.92.0-nightly (5b63cd28a 2025-09-16)" CFG_VER_DATE="2025-09-16" CFG_VER_HASH="5b63cd28a2480a95186d54a20b4e64ee38bfaff9" CFLAGS_aarch64_apple_darwin="" CXXFLAGS_aarch64_apple_darwin="-stdlib=libc++" CXX_aarch64_apple_darwin="" DOC_RUST_LANG_ORG_CHANNEL="https://doc.rust-lang.org/nightly" FORCE_ON_BROKEN_PIPE_KILL="-Zon-broken-pipe=kill" JEMALLOC_SYS_WITH_LG_PAGE="16" LIBC_CHECK_CFG="1" LZMA_API_STATIC="1" REAL_LIBRARY_PATH_VAR="DYLD_LIBRARY_PATH" RUSTBUILD_NATIVE_DIR="/Users/girivs/src/rust-tantraos/build/aarch64-apple-darwin/native" RUSTC="/Users/girivs/src/rust-tantraos/build/bootstrap/debug/rustc" RUSTC_BOOTSTRAP="1" RUSTC_BREAK_ON_ICE="1" RUSTC_ERROR_METADATA_DST="/Users/girivs/src/rust-tantraos/build/tmp/extended-error-metadata" RUSTC_HOST_FLAGS="--check-cfg=cfg(bootstrap) --cfg=bootstrap -Clinker=" RUSTC_INSTALL_BINDIR="bin" RUSTC_LIBDIR="/Users/girivs/src/rust-tantraos/build/aarch64-apple-darwin/stage0/lib" RUSTC_LINK_STD_INTO_RUSTC_DRIVER="1" RUSTC_LINT_FLAGS="-Wrust_2018_idioms -Wunused_lifetimes -Dwarnings" RUSTC_REAL="/Users/girivs/src/rust-tantraos/build/aarch64-apple-darwin/stage0/bin/rustc" RUSTC_SNAPSHOT="/Users/girivs/src/rust-tantraos/build/aarch64-apple-darwin/stage0/bin/rustc" RUSTC_SNAPSHOT_LIBDIR="/Users/girivs/src/rust-tantraos/build/aarch64-apple-darwin/stage0/lib" RUSTC_STAGE="0" RUSTC_SYSROOT="/Users/girivs/src/rust-tantraos/build/aarch64-apple-darwin/stage0-sysroot" RUSTC_TLS_MODEL_INITIAL_EXEC="1" RUSTC_VERBOSE="1" RUSTC_WRAPPER="/Users/girivs/src/rust-tantraos/build/bootstrap/debug/rustc" RUSTDOC="/Users/girivs/src/rust-tantraos/build/bootstrap/debug/rustdoc" RUSTDOCFLAGS="--cfg=bootstrap --cfg=windows_raw_dylib -Csymbol-mangling-version=v0 -Zunstable-options --check-cfg=cfg(bootstrap) --check-cfg=cfg(llvm_enzyme) --check-cfg=cfg(rust_analyzer) -Dwarnings -Wrustdoc::invalid_codeblock_attributes --crate-version 1.92.0-nightly\t(5b63cd28a\t2025-09-16) -Clinker=" RUSTDOC_REAL="/path/to/nowhere/rustdoc/not/required" RUSTFLAGS="--cfg=bootstrap --cfg=windows_raw_dylib -Csymbol-mangling-version=v0 -Zunstable-options --check-cfg=cfg(bootstrap) --check-cfg=cfg(llvm_enzyme) --check-cfg=cfg(rust_analyzer) -Zmacro-backtrace -Csplit-debuginfo=unpacked -Zosx-rpath-install-name -Clink-args=-Wl,-rpath,@loader_path/../lib -Alinker-messages -Zunstable-options" RUST_TEST_THREADS="10" SYSROOT="/Users/girivs/src/rust-tantraos/build/aarch64-apple-darwin/stage0-sysroot" __CARGO_DEFAULT_LIB_METADATA="bootstraptool-rustc1.92.0" "/Users/girivs/src/rust-tantraos/build/aarch64-apple-darwin/stage0/bin/cargo" "build" "--target" "aarch64-apple-darwin" "-Zbinary-dep-depinfo" "-j" "10" "-Zroot-dir=/Users/girivs/src/rust-tantraos" "-v" "--manifest-path" "/Users/girivs/src/rust-tantraos/src/tools/rustdoc/Cargo.toml" "--message-format" "json-render-diagnostics" (failure_mode=Exit)
Removing sysroot /Users/girivs/src/rust-tantraos/build/aarch64-apple-darwin/stage1 to avoid caching bugs
Removing sysroot /Users/girivs/src/rust-tantraos/build/aarch64-apple-darwin/stage1/lib/rustlib/aarch64-apple-darwin/lib to avoid caching bugs
LLVM freshness: LastModifiedUpstream { upstream: "9d82de19dfae60e55c291f5f28e28cfc2c1b9630" }
running: "/Users/girivs/src/rust-tantraos/build/aarch64-apple-darwin/ci-llvm/bin/llvm-config" "--version" (failure_mode=Exit) (created at src/bootstrap/src/core/build_steps/llvm.rs:599:5, executed at src/bootstrap/src/core/build_steps/llvm.rs:602:10)
running: "/Users/girivs/src/rust-tantraos/build/aarch64-apple-darwin/ci-llvm/bin/llvm-config" "--bindir" (failure_mode=Exit) (created at src/bootstrap/src/core/build_steps/compile.rs:2024:41, executed at src/bootstrap/src/core/build_steps/compile.rs:2027:22)
/Users/girivs/src/rust-tantraos/build/aarch64-apple-darwin/ci-llvm/bin/llvm-strip does not exist; skipping copy
Removing sysroot /Users/girivs/src/rust-tantraos/build/aarch64-apple-darwin/stage0-sysroot to avoid caching bugs
LLVM freshness: LastModifiedUpstream { upstream: "9d82de19dfae60e55c291f5f28e28cfc2c1b9630" }
Removing sysroot /Users/girivs/src/rust-tantraos/build/aarch64-apple-darwin/stage0-sysroot/lib/rustlib/aarch64-apple-darwin/lib to avoid caching bugs
using sysroot /Users/girivs/src/rust-tantraos/build/aarch64-apple-darwin/stage0-sysroot
LLVM freshness: LastModifiedUpstream { upstream: "9d82de19dfae60e55c291f5f28e28cfc2c1b9630" }
Cache hit: "/Users/girivs/src/rust-tantraos/build/aarch64-apple-darwin/ci-llvm/bin/llvm-config" "--version" (failure_mode=Exit)
Building stage1 compiler artifacts (stage0 -> stage1, aarch64-apple-darwin)
running: cd "/Users/girivs/src/rust-tantraos" && env -u MAKEFLAGS -u MFLAGS AR_aarch64_apple_darwin="ar" CARGO_BUILD_BUILD_DIR="/Users/girivs/src/rust-tantraos/build/aarch64-apple-darwin/stage1-rustc" CARGO_INCREMENTAL="0" CARGO_LOG="cargo::core::compiler::fingerprint=info" CARGO_PROFILE_DEV_CODEGEN_UNITS="16" CARGO_PROFILE_DEV_DEBUG="0" CARGO_PROFILE_DEV_DEBUG_ASSERTIONS="false" CARGO_PROFILE_DEV_OVERFLOW_CHECKS="false" CARGO_PROFILE_DEV_STRIP="false" CARGO_TARGET_DIR="/Users/girivs/src/rust-tantraos/build/aarch64-apple-darwin/stage1-rustc" CC_aarch64_apple_darwin="cc" CFG_COMPILER_BUILD_TRIPLE="aarch64-apple-darwin" CFG_COMPILER_HOST_TRIPLE="aarch64-apple-darwin" CFG_DEFAULT_CODEGEN_BACKEND="llvm" CFG_LIBDIR_RELATIVE="lib" CFG_RELEASE="1.92.0-nightly" CFG_RELEASE_CHANNEL="nightly" CFG_VERSION="1.92.0-nightly (5b63cd28a 2025-09-16)" CFG_VER_DATE="2025-09-16" CFG_VER_HASH="5b63cd28a2480a95186d54a20b4e64ee38bfaff9" CFLAGS_aarch64_apple_darwin="" CXXFLAGS_aarch64_apple_darwin="-stdlib=libc++" CXX_aarch64_apple_darwin="c++" LIBC_CHECK_CFG="1" LLVM_CONFIG="/Users/girivs/src/rust-tantraos/build/aarch64-apple-darwin/ci-llvm/bin/llvm-config" LLVM_RUSTLLVM="1" RANLIB_aarch64_apple_darwin="ar s" REAL_LIBRARY_PATH_VAR="DYLD_LIBRARY_PATH" RUSTBUILD_NATIVE_DIR="/Users/girivs/src/rust-tantraos/build/aarch64-apple-darwin/native" RUSTC="/Users/girivs/src/rust-tantraos/build/bootstrap/debug/rustc" RUSTC_BOOTSTRAP="1" RUSTC_BREAK_ON_ICE="1" RUSTC_ERROR_METADATA_DST="/Users/girivs/src/rust-tantraos/build/tmp/extended-error-metadata" RUSTC_FORCE_UNSTABLE="1" RUSTC_HOST_FLAGS="--check-cfg=cfg(bootstrap) --cfg=bootstrap" RUSTC_INSTALL_BINDIR="bin" RUSTC_LIBDIR="/Users/girivs/src/rust-tantraos/build/aarch64-apple-darwin/stage0/lib" RUSTC_LINK_STD_INTO_RUSTC_DRIVER="1" RUSTC_LINT_FLAGS="-Wrust_2018_idioms -Wunused_lifetimes -Dwarnings -Wrustc::internal -Drustc::symbol_intern_string_literal -Wkeyword_idents_2024 -Wunreachable_pub -Wunsafe_op_in_unsafe_fn -Wunused_crate_dependencies" RUSTC_REAL="/Users/girivs/src/rust-tantraos/build/aarch64-apple-darwin/stage0/bin/rustc" RUSTC_SNAPSHOT="/Users/girivs/src/rust-tantraos/build/aarch64-apple-darwin/stage0/bin/rustc" RUSTC_SNAPSHOT_LIBDIR="/Users/girivs/src/rust-tantraos/build/aarch64-apple-darwin/stage0/lib" RUSTC_STAGE="0" RUSTC_SYSROOT="/Users/girivs/src/rust-tantraos/build/aarch64-apple-darwin/stage0-sysroot" RUSTC_TLS_MODEL_INITIAL_EXEC="1" RUSTC_VERBOSE="1" RUSTC_WRAPPER="/Users/girivs/src/rust-tantraos/build/bootstrap/debug/rustc" RUSTDOC="/Users/girivs/src/rust-tantraos/build/bootstrap/debug/rustdoc" RUSTDOCFLAGS="--cfg=bootstrap --cfg=windows_raw_dylib -Csymbol-mangling-version=v0 -Zunstable-options --check-cfg=cfg(bootstrap) --check-cfg=cfg(llvm_enzyme) -Dwarnings -Wrustdoc::invalid_codeblock_attributes --crate-version 1.92.0-nightly\t(5b63cd28a\t2025-09-16) -Zcrate-attr=warn(rust_2018_idioms)" RUSTDOC_REAL="/path/to/nowhere/rustdoc/not/required" RUSTFLAGS="--cfg=bootstrap --cfg=windows_raw_dylib -Csymbol-mangling-version=v0 -Zunstable-options --check-cfg=cfg(bootstrap) --check-cfg=cfg(llvm_enzyme) -Zmacro-backtrace -Csplit-debuginfo=unpacked -Zosx-rpath-install-name -Clink-args=-Wl,-rpath,@loader_path/../lib -Alinker-messages -Zon-broken-pipe=kill -Clto=off" RUST_TEST_THREADS="10" WINAPI_NO_BUNDLED_LIBRARIES="1" __CARGO_DEFAULT_LIB_METADATA="bootstrap1.92.0" "/Users/girivs/src/rust-tantraos/build/aarch64-apple-darwin/stage0/bin/cargo" "build" "--target" "aarch64-apple-darwin" "-Zbinary-dep-depinfo" "-j" "10" "-Zroot-dir=/Users/girivs/src/rust-tantraos" "-v" "--features" "llvm max_level_info" "--manifest-path" "/Users/girivs/src/rust-tantraos/compiler/rustc/Cargo.toml" "--message-format" "json-render-diagnostics" (failure_mode=Exit)
   0.213800916s  INFO prepare_target{force=false package_id=rustc-main v0.0.0 (/Users/girivs/src/rust-tantraos/compiler/rustc) target="rustc-main"}: cargo::core::compiler::fingerprint: stale: changed "/Users/girivs/src/rust-tantraos/compiler/rustc_target/src/spec/targets/aarch64_tantraos.rs"
   0.213812583s  INFO prepare_target{force=false package_id=rustc-main v0.0.0 (/Users/girivs/src/rust-tantraos/compiler/rustc) target="rustc-main"}: cargo::core::compiler::fingerprint:           (vs) "/Users/girivs/src/rust-tantraos/build/aarch64-apple-darwin/stage1-rustc/aarch64-apple-darwin/debug/.fingerprint/rustc_target-35cf86096f412775/dep-lib-rustc_target"
   0.213814500s  INFO prepare_target{force=false package_id=rustc-main v0.0.0 (/Users/girivs/src/rust-tantraos/compiler/rustc) target="rustc-main"}: cargo::core::compiler::fingerprint:                FileTime { seconds: 1758008045, nanos: 239555862 } < FileTime { seconds: 1758009822, nanos: 462244077 }
   0.223758291s  INFO prepare_target{force=false package_id=rustc-main v0.0.0 (/Users/girivs/src/rust-tantraos/compiler/rustc) target="rustc-main"}: cargo::core::compiler::fingerprint: fingerprint dirty for rustc-main v0.0.0 (/Users/girivs/src/rust-tantraos/compiler/rustc)/Build/TargetInner { name: "rustc-main", doc: true, ..: with_path("/Users/girivs/src/rust-tantraos/compiler/rustc/src/main.rs", Edition2024) }
   0.223765166s  INFO prepare_target{force=false package_id=rustc-main v0.0.0 (/Users/girivs/src/rust-tantraos/compiler/rustc) target="rustc-main"}: cargo::core::compiler::fingerprint:     dirty: FsStatusOutdated(StaleDepFingerprint { name: "rustc_public_bridge" })
   0.224889583s  INFO prepare_target{force=false package_id=rustc_codegen_ssa v0.0.0 (/Users/girivs/src/rust-tantraos/compiler/rustc_codegen_ssa) target="rustc_codegen_ssa"}: cargo::core::compiler::fingerprint: fingerprint dirty for rustc_codegen_ssa v0.0.0 (/Users/girivs/src/rust-tantraos/compiler/rustc_codegen_ssa)/Build/TargetInner { name_inferred: true, ..: lib_target("rustc_codegen_ssa", ["lib"], "/Users/girivs/src/rust-tantraos/compiler/rustc_codegen_ssa/src/lib.rs", Edition2024) }
   0.224895500s  INFO prepare_target{force=false package_id=rustc_codegen_ssa v0.0.0 (/Users/girivs/src/rust-tantraos/compiler/rustc_codegen_ssa) target="rustc_codegen_ssa"}: cargo::core::compiler::fingerprint:     dirty: FsStatusOutdated(StaleDepFingerprint { name: "rustc_target" })
   0.245836125s  INFO prepare_target{force=false package_id=rustc_attr_parsing v0.0.0 (/Users/girivs/src/rust-tantraos/compiler/rustc_attr_parsing) target="rustc_attr_parsing"}: cargo::core::compiler::fingerprint: fingerprint dirty for rustc_attr_parsing v0.0.0 (/Users/girivs/src/rust-tantraos/compiler/rustc_attr_parsing)/Build/TargetInner { name_inferred: true, ..: lib_target("rustc_attr_parsing", ["lib"], "/Users/girivs/src/rust-tantraos/compiler/rustc_attr_parsing/src/lib.rs", Edition2024) }
   0.245841875s  INFO prepare_target{force=false package_id=rustc_attr_parsing v0.0.0 (/Users/girivs/src/rust-tantraos/compiler/rustc_attr_parsing) target="rustc_attr_parsing"}: cargo::core::compiler::fingerprint:     dirty: FsStatusOutdated(StaleDepFingerprint { name: "rustc_target" })
   0.249758583s  INFO prepare_target{force=false package_id=rustc_feature v0.0.0 (/Users/girivs/src/rust-tantraos/compiler/rustc_feature) target="rustc_feature"}: cargo::core::compiler::fingerprint: fingerprint dirty for rustc_feature v0.0.0 (/Users/girivs/src/rust-tantraos/compiler/rustc_feature)/Build/TargetInner { name_inferred: true, ..: lib_target("rustc_feature", ["lib"], "/Users/girivs/src/rust-tantraos/compiler/rustc_feature/src/lib.rs", Edition2024) }
   0.249762125s  INFO prepare_target{force=false package_id=rustc_feature v0.0.0 (/Users/girivs/src/rust-tantraos/compiler/rustc_feature) target="rustc_feature"}: cargo::core::compiler::fingerprint:     dirty: FsStatusOutdated(StaleDepFingerprint { name: "rustc_hir" })
   0.250101250s  INFO prepare_target{force=false package_id=rustc_hir v0.0.0 (/Users/girivs/src/rust-tantraos/compiler/rustc_hir) target="rustc_hir"}: cargo::core::compiler::fingerprint: fingerprint dirty for rustc_hir v0.0.0 (/Users/girivs/src/rust-tantraos/compiler/rustc_hir)/Build/TargetInner { name_inferred: true, ..: lib_target("rustc_hir", ["lib"], "/Users/girivs/src/rust-tantraos/compiler/rustc_hir/src/lib.rs", Edition2024) }
   0.250104375s  INFO prepare_target{force=false package_id=rustc_hir v0.0.0 (/Users/girivs/src/rust-tantraos/compiler/rustc_hir) target="rustc_hir"}: cargo::core::compiler::fingerprint:     dirty: FsStatusOutdated(StaleDepFingerprint { name: "rustc_target" })
   0.250531916s  INFO prepare_target{force=false package_id=rustc_target v0.0.0 (/Users/girivs/src/rust-tantraos/compiler/rustc_target) target="rustc_target"}: cargo::core::compiler::fingerprint: fingerprint dirty for rustc_target v0.0.0 (/Users/girivs/src/rust-tantraos/compiler/rustc_target)/Build/TargetInner { name_inferred: true, ..: lib_target("rustc_target", ["lib"], "/Users/girivs/src/rust-tantraos/compiler/rustc_target/src/lib.rs", Edition2024) }
   0.250534458s  INFO prepare_target{force=false package_id=rustc_target v0.0.0 (/Users/girivs/src/rust-tantraos/compiler/rustc_target) target="rustc_target"}: cargo::core::compiler::fingerprint:     dirty: FsStatusOutdated(StaleItem(ChangedFile { reference: "/Users/girivs/src/rust-tantraos/build/aarch64-apple-darwin/stage1-rustc/aarch64-apple-darwin/debug/.fingerprint/rustc_target-35cf86096f412775/dep-lib-rustc_target", reference_mtime: FileTime { seconds: 1758008045, nanos: 239555862 }, stale: "/Users/girivs/src/rust-tantraos/compiler/rustc_target/src/spec/targets/aarch64_tantraos.rs", stale_mtime: FileTime { seconds: 1758009822, nanos: 462244077 } }))
   0.251647125s  INFO prepare_target{force=false package_id=rustc_parse v0.0.0 (/Users/girivs/src/rust-tantraos/compiler/rustc_parse) target="rustc_parse"}: cargo::core::compiler::fingerprint: fingerprint dirty for rustc_parse v0.0.0 (/Users/girivs/src/rust-tantraos/compiler/rustc_parse)/Build/TargetInner { name_inferred: true, ..: lib_target("rustc_parse", ["lib"], "/Users/girivs/src/rust-tantraos/compiler/rustc_parse/src/lib.rs", Edition2024) }
   0.251649666s  INFO prepare_target{force=false package_id=rustc_parse v0.0.0 (/Users/girivs/src/rust-tantraos/compiler/rustc_parse) target="rustc_parse"}: cargo::core::compiler::fingerprint:     dirty: FsStatusOutdated(StaleDepFingerprint { name: "rustc_feature" })
   0.252014750s  INFO prepare_target{force=false package_id=rustc_session v0.0.0 (/Users/girivs/src/rust-tantraos/compiler/rustc_session) target="rustc_session"}: cargo::core::compiler::fingerprint: fingerprint dirty for rustc_session v0.0.0 (/Users/girivs/src/rust-tantraos/compiler/rustc_session)/Build/TargetInner { name_inferred: true, ..: lib_target("rustc_session", ["lib"], "/Users/girivs/src/rust-tantraos/compiler/rustc_session/src/lib.rs", Edition2024) }
   0.252017250s  INFO prepare_target{force=false package_id=rustc_session v0.0.0 (/Users/girivs/src/rust-tantraos/compiler/rustc_session) target="rustc_session"}: cargo::core::compiler::fingerprint:     dirty: FsStatusOutdated(StaleDepFingerprint { name: "rustc_target" })
   0.252682208s  INFO prepare_target{force=false package_id=rustc_incremental v0.0.0 (/Users/girivs/src/rust-tantraos/compiler/rustc_incremental) target="rustc_incremental"}: cargo::core::compiler::fingerprint: fingerprint dirty for rustc_incremental v0.0.0 (/Users/girivs/src/rust-tantraos/compiler/rustc_incremental)/Build/TargetInner { name_inferred: true, ..: lib_target("rustc_incremental", ["lib"], "/Users/girivs/src/rust-tantraos/compiler/rustc_incremental/src/lib.rs", Edition2024) }
   0.252684500s  INFO prepare_target{force=false package_id=rustc_incremental v0.0.0 (/Users/girivs/src/rust-tantraos/compiler/rustc_incremental) target="rustc_incremental"}: cargo::core::compiler::fingerprint:     dirty: FsStatusOutdated(StaleDepFingerprint { name: "rustc_session" })
   0.253050208s  INFO prepare_target{force=false package_id=rustc_middle v0.0.0 (/Users/girivs/src/rust-tantraos/compiler/rustc_middle) target="rustc_middle"}: cargo::core::compiler::fingerprint: fingerprint dirty for rustc_middle v0.0.0 (/Users/girivs/src/rust-tantraos/compiler/rustc_middle)/Build/TargetInner { name_inferred: true, ..: lib_target("rustc_middle", ["lib"], "/Users/girivs/src/rust-tantraos/compiler/rustc_middle/src/lib.rs", Edition2024) }
   0.253052375s  INFO prepare_target{force=false package_id=rustc_middle v0.0.0 (/Users/girivs/src/rust-tantraos/compiler/rustc_middle) target="rustc_middle"}: cargo::core::compiler::fingerprint:     dirty: FsStatusOutdated(StaleDepFingerprint { name: "rustc_target" })
   0.254037833s  INFO prepare_target{force=false package_id=rustc_hir_pretty v0.0.0 (/Users/girivs/src/rust-tantraos/compiler/rustc_hir_pretty) target="rustc_hir_pretty"}: cargo::core::compiler::fingerprint: fingerprint dirty for rustc_hir_pretty v0.0.0 (/Users/girivs/src/rust-tantraos/compiler/rustc_hir_pretty)/Build/TargetInner { name_inferred: true, ..: lib_target("rustc_hir_pretty", ["lib"], "/Users/girivs/src/rust-tantraos/compiler/rustc_hir_pretty/src/lib.rs", Edition2024) }
   0.254040083s  INFO prepare_target{force=false package_id=rustc_hir_pretty v0.0.0 (/Users/girivs/src/rust-tantraos/compiler/rustc_hir_pretty) target="rustc_hir_pretty"}: cargo::core::compiler::fingerprint:     dirty: FsStatusOutdated(StaleDepFingerprint { name: "rustc_hir" })
   0.254358541s  INFO prepare_target{force=false package_id=rustc_query_system v0.0.0 (/Users/girivs/src/rust-tantraos/compiler/rustc_query_system) target="rustc_query_system"}: cargo::core::compiler::fingerprint: fingerprint dirty for rustc_query_system v0.0.0 (/Users/girivs/src/rust-tantraos/compiler/rustc_query_system)/Build/TargetInner { name_inferred: true, ..: lib_target("rustc_query_system", ["lib"], "/Users/girivs/src/rust-tantraos/compiler/rustc_query_system/src/lib.rs", Edition2024) }
   0.254361083s  INFO prepare_target{force=false package_id=rustc_query_system v0.0.0 (/Users/girivs/src/rust-tantraos/compiler/rustc_query_system) target="rustc_query_system"}: cargo::core::compiler::fingerprint:     dirty: FsStatusOutdated(StaleDepFingerprint { name: "rustc_feature" })
   0.254922708s  INFO prepare_target{force=false package_id=rustc_metadata v0.0.0 (/Users/girivs/src/rust-tantraos/compiler/rustc_metadata) target="rustc_metadata"}: cargo::core::compiler::fingerprint: fingerprint dirty for rustc_metadata v0.0.0 (/Users/girivs/src/rust-tantraos/compiler/rustc_metadata)/Build/TargetInner { name_inferred: true, ..: lib_target("rustc_metadata", ["lib"], "/Users/girivs/src/rust-tantraos/compiler/rustc_metadata/src/lib.rs", Edition2024) }
   0.254924916s  INFO prepare_target{force=false package_id=rustc_metadata v0.0.0 (/Users/girivs/src/rust-tantraos/compiler/rustc_metadata) target="rustc_metadata"}: cargo::core::compiler::fingerprint:     dirty: FsStatusOutdated(StaleDepFingerprint { name: "rustc_target" })
   0.255386625s  INFO prepare_target{force=false package_id=rustc_expand v0.0.0 (/Users/girivs/src/rust-tantraos/compiler/rustc_expand) target="rustc_expand"}: cargo::core::compiler::fingerprint: fingerprint dirty for rustc_expand v0.0.0 (/Users/girivs/src/rust-tantraos/compiler/rustc_expand)/Build/TargetInner { name_inferred: true, doctest: false, ..: lib_target("rustc_expand", ["lib"], "/Users/girivs/src/rust-tantraos/compiler/rustc_expand/src/lib.rs", Edition2024) }
   0.255388708s  INFO prepare_target{force=false package_id=rustc_expand v0.0.0 (/Users/girivs/src/rust-tantraos/compiler/rustc_expand) target="rustc_expand"}: cargo::core::compiler::fingerprint:     dirty: FsStatusOutdated(StaleDepFingerprint { name: "rustc_feature" })
   0.255742250s  INFO prepare_target{force=false package_id=rustc_ast_passes v0.0.0 (/Users/girivs/src/rust-tantraos/compiler/rustc_ast_passes) target="rustc_ast_passes"}: cargo::core::compiler::fingerprint: fingerprint dirty for rustc_ast_passes v0.0.0 (/Users/girivs/src/rust-tantraos/compiler/rustc_ast_passes)/Build/TargetInner { name_inferred: true, ..: lib_target("rustc_ast_passes", ["lib"], "/Users/girivs/src/rust-tantraos/compiler/rustc_ast_passes/src/lib.rs", Edition2024) }
   0.255744333s  INFO prepare_target{force=false package_id=rustc_ast_passes v0.0.0 (/Users/girivs/src/rust-tantraos/compiler/rustc_ast_passes) target="rustc_ast_passes"}: cargo::core::compiler::fingerprint:     dirty: FsStatusOutdated(StaleDepFingerprint { name: "rustc_target" })
   0.256192291s  INFO prepare_target{force=false package_id=rustc_symbol_mangling v0.0.0 (/Users/girivs/src/rust-tantraos/compiler/rustc_symbol_mangling) target="rustc_symbol_mangling"}: cargo::core::compiler::fingerprint: fingerprint dirty for rustc_symbol_mangling v0.0.0 (/Users/girivs/src/rust-tantraos/compiler/rustc_symbol_mangling)/Build/TargetInner { name_inferred: true, ..: lib_target("rustc_symbol_mangling", ["lib"], "/Users/girivs/src/rust-tantraos/compiler/rustc_symbol_mangling/src/lib.rs", Edition2024) }
   0.256194500s  INFO prepare_target{force=false package_id=rustc_symbol_mangling v0.0.0 (/Users/girivs/src/rust-tantraos/compiler/rustc_symbol_mangling) target="rustc_symbol_mangling"}: cargo::core::compiler::fingerprint:     dirty: FsStatusOutdated(StaleDepFingerprint { name: "rustc_session" })
   0.256949000s  INFO prepare_target{force=false package_id=rustc_trait_selection v0.0.0 (/Users/girivs/src/rust-tantraos/compiler/rustc_trait_selection) target="rustc_trait_selection"}: cargo::core::compiler::fingerprint: fingerprint dirty for rustc_trait_selection v0.0.0 (/Users/girivs/src/rust-tantraos/compiler/rustc_trait_selection)/Build/TargetInner { name_inferred: true, ..: lib_target("rustc_trait_selection", ["lib"], "/Users/girivs/src/rust-tantraos/compiler/rustc_trait_selection/src/lib.rs", Edition2024) }
   0.256951166s  INFO prepare_target{force=false package_id=rustc_trait_selection v0.0.0 (/Users/girivs/src/rust-tantraos/compiler/rustc_trait_selection) target="rustc_trait_selection"}: cargo::core::compiler::fingerprint:     dirty: FsStatusOutdated(StaleDepFingerprint { name: "rustc_transmute" })
   0.257310875s  INFO prepare_target{force=false package_id=rustc_infer v0.0.0 (/Users/girivs/src/rust-tantraos/compiler/rustc_infer) target="rustc_infer"}: cargo::core::compiler::fingerprint: fingerprint dirty for rustc_infer v0.0.0 (/Users/girivs/src/rust-tantraos/compiler/rustc_infer)/Build/TargetInner { name_inferred: true, doctest: false, ..: lib_target("rustc_infer", ["lib"], "/Users/girivs/src/rust-tantraos/compiler/rustc_infer/src/lib.rs", Edition2024) }
   0.257313291s  INFO prepare_target{force=false package_id=rustc_infer v0.0.0 (/Users/girivs/src/rust-tantraos/compiler/rustc_infer) target="rustc_infer"}: cargo::core::compiler::fingerprint:     dirty: FsStatusOutdated(StaleDepFingerprint { name: "rustc_hir" })
   0.257823125s  INFO prepare_target{force=false package_id=rustc_transmute v0.0.0 (/Users/girivs/src/rust-tantraos/compiler/rustc_transmute) target="rustc_transmute"}: cargo::core::compiler::fingerprint: fingerprint dirty for rustc_transmute v0.0.0 (/Users/girivs/src/rust-tantraos/compiler/rustc_transmute)/Build/TargetInner { name_inferred: true, ..: lib_target("rustc_transmute", ["lib"], "/Users/girivs/src/rust-tantraos/compiler/rustc_transmute/src/lib.rs", Edition2024) }
   0.257825166s  INFO prepare_target{force=false package_id=rustc_transmute v0.0.0 (/Users/girivs/src/rust-tantraos/compiler/rustc_transmute) target="rustc_transmute"}: cargo::core::compiler::fingerprint:     dirty: FsStatusOutdated(StaleDepFingerprint { name: "rustc_hir" })
   0.260322125s  INFO prepare_target{force=false package_id=rustc_driver v0.0.0 (/Users/girivs/src/rust-tantraos/compiler/rustc_driver) target="rustc_driver"}: cargo::core::compiler::fingerprint: fingerprint dirty for rustc_driver v0.0.0 (/Users/girivs/src/rust-tantraos/compiler/rustc_driver)/Build/TargetInner { name_inferred: true, ..: lib_target("rustc_driver", ["dylib"], "/Users/girivs/src/rust-tantraos/compiler/rustc_driver/src/lib.rs", Edition2024) }
   0.260324500s  INFO prepare_target{force=false package_id=rustc_driver v0.0.0 (/Users/girivs/src/rust-tantraos/compiler/rustc_driver) target="rustc_driver"}: cargo::core::compiler::fingerprint:     dirty: FsStatusOutdated(StaleDepFingerprint { name: "rustc_driver_impl" })
   0.261099583s  INFO prepare_target{force=false package_id=rustc_driver_impl v0.0.0 (/Users/girivs/src/rust-tantraos/compiler/rustc_driver_impl) target="rustc_driver_impl"}: cargo::core::compiler::fingerprint: fingerprint dirty for rustc_driver_impl v0.0.0 (/Users/girivs/src/rust-tantraos/compiler/rustc_driver_impl)/Build/TargetInner { name_inferred: true, ..: lib_target("rustc_driver_impl", ["lib"], "/Users/girivs/src/rust-tantraos/compiler/rustc_driver_impl/src/lib.rs", Edition2024) }
   0.261101833s  INFO prepare_target{force=false package_id=rustc_driver_impl v0.0.0 (/Users/girivs/src/rust-tantraos/compiler/rustc_driver_impl) target="rustc_driver_impl"}: cargo::core::compiler::fingerprint:     dirty: FsStatusOutdated(StaleDepFingerprint { name: "rustc_passes" })
   0.262263750s  INFO prepare_target{force=false package_id=rustc_ast_lowering v0.0.0 (/Users/girivs/src/rust-tantraos/compiler/rustc_ast_lowering) target="rustc_ast_lowering"}: cargo::core::compiler::fingerprint: fingerprint dirty for rustc_ast_lowering v0.0.0 (/Users/girivs/src/rust-tantraos/compiler/rustc_ast_lowering)/Build/TargetInner { name_inferred: true, doctest: false, ..: lib_target("rustc_ast_lowering", ["lib"], "/Users/girivs/src/rust-tantraos/compiler/rustc_ast_lowering/src/lib.rs", Edition2024) }
   0.262266166s  INFO prepare_target{force=false package_id=rustc_ast_lowering v0.0.0 (/Users/girivs/src/rust-tantraos/compiler/rustc_ast_lowering) target="rustc_ast_lowering"}: cargo::core::compiler::fingerprint:     dirty: FsStatusOutdated(StaleDepFingerprint { name: "rustc_target" })
   0.262628083s  INFO prepare_target{force=false package_id=rustc_borrowck v0.0.0 (/Users/girivs/src/rust-tantraos/compiler/rustc_borrowck) target="rustc_borrowck"}: cargo::core::compiler::fingerprint: fingerprint dirty for rustc_borrowck v0.0.0 (/Users/girivs/src/rust-tantraos/compiler/rustc_borrowck)/Build/TargetInner { name_inferred: true, ..: lib_target("rustc_borrowck", ["lib"], "/Users/girivs/src/rust-tantraos/compiler/rustc_borrowck/src/lib.rs", Edition2024) }
   0.262630125s  INFO prepare_target{force=false package_id=rustc_borrowck v0.0.0 (/Users/girivs/src/rust-tantraos/compiler/rustc_borrowck) target="rustc_borrowck"}: cargo::core::compiler::fingerprint:     dirty: FsStatusOutdated(StaleDepFingerprint { name: "rustc_session" })
   0.263030375s  INFO prepare_target{force=false package_id=rustc_mir_dataflow v0.0.0 (/Users/girivs/src/rust-tantraos/compiler/rustc_mir_dataflow) target="rustc_mir_dataflow"}: cargo::core::compiler::fingerprint: fingerprint dirty for rustc_mir_dataflow v0.0.0 (/Users/girivs/src/rust-tantraos/compiler/rustc_mir_dataflow)/Build/TargetInner { name_inferred: true, ..: lib_target("rustc_mir_dataflow", ["lib"], "/Users/girivs/src/rust-tantraos/compiler/rustc_mir_dataflow/src/lib.rs", Edition2024) }
   0.263032333s  INFO prepare_target{force=false package_id=rustc_mir_dataflow v0.0.0 (/Users/girivs/src/rust-tantraos/compiler/rustc_mir_dataflow) target="rustc_mir_dataflow"}: cargo::core::compiler::fingerprint:     dirty: FsStatusOutdated(StaleDepFingerprint { name: "rustc_middle" })
   0.263440750s  INFO prepare_target{force=false package_id=rustc_traits v0.0.0 (/Users/girivs/src/rust-tantraos/compiler/rustc_traits) target="rustc_traits"}: cargo::core::compiler::fingerprint: fingerprint dirty for rustc_traits v0.0.0 (/Users/girivs/src/rust-tantraos/compiler/rustc_traits)/Build/TargetInner { name_inferred: true, ..: lib_target("rustc_traits", ["lib"], "/Users/girivs/src/rust-tantraos/compiler/rustc_traits/src/lib.rs", Edition2024) }
   0.263442708s  INFO prepare_target{force=false package_id=rustc_traits v0.0.0 (/Users/girivs/src/rust-tantraos/compiler/rustc_traits) target="rustc_traits"}: cargo::core::compiler::fingerprint:     dirty: FsStatusOutdated(StaleDepFingerprint { name: "rustc_trait_selection" })
   0.263817250s  INFO prepare_target{force=false package_id=rustc_builtin_macros v0.0.0 (/Users/girivs/src/rust-tantraos/compiler/rustc_builtin_macros) target="rustc_builtin_macros"}: cargo::core::compiler::fingerprint: fingerprint dirty for rustc_builtin_macros v0.0.0 (/Users/girivs/src/rust-tantraos/compiler/rustc_builtin_macros)/Build/TargetInner { name_inferred: true, doctest: false, ..: lib_target("rustc_builtin_macros", ["lib"], "/Users/girivs/src/rust-tantraos/compiler/rustc_builtin_macros/src/lib.rs", Edition2024) }
   0.263819541s  INFO prepare_target{force=false package_id=rustc_builtin_macros v0.0.0 (/Users/girivs/src/rust-tantraos/compiler/rustc_builtin_macros) target="rustc_builtin_macros"}: cargo::core::compiler::fingerprint:     dirty: FsStatusOutdated(StaleDepFingerprint { name: "rustc_target" })
   0.264173125s  INFO prepare_target{force=false package_id=rustc_const_eval v0.0.0 (/Users/girivs/src/rust-tantraos/compiler/rustc_const_eval) target="rustc_const_eval"}: cargo::core::compiler::fingerprint: fingerprint dirty for rustc_const_eval v0.0.0 (/Users/girivs/src/rust-tantraos/compiler/rustc_const_eval)/Build/TargetInner { name_inferred: true, ..: lib_target("rustc_const_eval", ["lib"], "/Users/girivs/src/rust-tantraos/compiler/rustc_const_eval/src/lib.rs", Edition2024) }
   0.264175125s  INFO prepare_target{force=false package_id=rustc_const_eval v0.0.0 (/Users/girivs/src/rust-tantraos/compiler/rustc_const_eval) target="rustc_const_eval"}: cargo::core::compiler::fingerprint:     dirty: FsStatusOutdated(StaleDepFingerprint { name: "rustc_target" })
   0.264542083s  INFO prepare_target{force=false package_id=rustc_hir_analysis v0.0.0 (/Users/girivs/src/rust-tantraos/compiler/rustc_hir_analysis) target="rustc_hir_analysis"}: cargo::core::compiler::fingerprint: fingerprint dirty for rustc_hir_analysis v0.0.0 (/Users/girivs/src/rust-tantraos/compiler/rustc_hir_analysis)/Build/TargetInner { name_inferred: true, tested: false, doctest: false, ..: lib_target("rustc_hir_analysis", ["lib"], "/Users/girivs/src/rust-tantraos/compiler/rustc_hir_analysis/src/lib.rs", Edition2024) }
   0.264544166s  INFO prepare_target{force=false package_id=rustc_hir_analysis v0.0.0 (/Users/girivs/src/rust-tantraos/compiler/rustc_hir_analysis) target="rustc_hir_analysis"}: cargo::core::compiler::fingerprint:     dirty: FsStatusOutdated(StaleDepFingerprint { name: "rustc_target" })
   0.264900458s  INFO prepare_target{force=false package_id=rustc_hir_typeck v0.0.0 (/Users/girivs/src/rust-tantraos/compiler/rustc_hir_typeck) target="rustc_hir_typeck"}: cargo::core::compiler::fingerprint: fingerprint dirty for rustc_hir_typeck v0.0.0 (/Users/girivs/src/rust-tantraos/compiler/rustc_hir_typeck)/Build/TargetInner { name_inferred: true, ..: lib_target("rustc_hir_typeck", ["lib"], "/Users/girivs/src/rust-tantraos/compiler/rustc_hir_typeck/src/lib.rs", Edition2024) }
   0.264902416s  INFO prepare_target{force=false package_id=rustc_hir_typeck v0.0.0 (/Users/girivs/src/rust-tantraos/compiler/rustc_hir_typeck) target="rustc_hir_typeck"}: cargo::core::compiler::fingerprint:     dirty: FsStatusOutdated(StaleDepFingerprint { name: "rustc_target" })
   0.265278666s  INFO prepare_target{force=false package_id=rustc_lint v0.0.0 (/Users/girivs/src/rust-tantraos/compiler/rustc_lint) target="rustc_lint"}: cargo::core::compiler::fingerprint: fingerprint dirty for rustc_lint v0.0.0 (/Users/girivs/src/rust-tantraos/compiler/rustc_lint)/Build/TargetInner { name_inferred: true, ..: lib_target("rustc_lint", ["lib"], "/Users/girivs/src/rust-tantraos/compiler/rustc_lint/src/lib.rs", Edition2024) }
   0.265280833s  INFO prepare_target{force=false package_id=rustc_lint v0.0.0 (/Users/girivs/src/rust-tantraos/compiler/rustc_lint) target="rustc_lint"}: cargo::core::compiler::fingerprint:     dirty: FsStatusOutdated(StaleDepFingerprint { name: "rustc_target" })
   0.265767166s  INFO prepare_target{force=false package_id=rustc_interface v0.0.0 (/Users/girivs/src/rust-tantraos/compiler/rustc_interface) target="rustc_interface"}: cargo::core::compiler::fingerprint: fingerprint dirty for rustc_interface v0.0.0 (/Users/girivs/src/rust-tantraos/compiler/rustc_interface)/Build/TargetInner { name_inferred: true, ..: lib_target("rustc_interface", ["lib"], "/Users/girivs/src/rust-tantraos/compiler/rustc_interface/src/lib.rs", Edition2024) }
   0.265769500s  INFO prepare_target{force=false package_id=rustc_interface v0.0.0 (/Users/girivs/src/rust-tantraos/compiler/rustc_interface) target="rustc_interface"}: cargo::core::compiler::fingerprint:     dirty: FsStatusOutdated(StaleDepFingerprint { name: "rustc_passes" })
   0.266174875s  INFO prepare_target{force=false package_id=rustc_codegen_llvm v0.0.0 (/Users/girivs/src/rust-tantraos/compiler/rustc_codegen_llvm) target="rustc_codegen_llvm"}: cargo::core::compiler::fingerprint: fingerprint dirty for rustc_codegen_llvm v0.0.0 (/Users/girivs/src/rust-tantraos/compiler/rustc_codegen_llvm)/Build/TargetInner { name_inferred: true, tested: false, ..: lib_target("rustc_codegen_llvm", ["lib"], "/Users/girivs/src/rust-tantraos/compiler/rustc_codegen_llvm/src/lib.rs", Edition2024) }
   0.266177291s  INFO prepare_target{force=false package_id=rustc_codegen_llvm v0.0.0 (/Users/girivs/src/rust-tantraos/compiler/rustc_codegen_llvm) target="rustc_codegen_llvm"}: cargo::core::compiler::fingerprint:     dirty: FsStatusOutdated(StaleDepFingerprint { name: "rustc_sanitizers" })
   0.267003875s  INFO prepare_target{force=false package_id=rustc_sanitizers v0.0.0 (/Users/girivs/src/rust-tantraos/compiler/rustc_sanitizers) target="rustc_sanitizers"}: cargo::core::compiler::fingerprint: fingerprint dirty for rustc_sanitizers v0.0.0 (/Users/girivs/src/rust-tantraos/compiler/rustc_sanitizers)/Build/TargetInner { name_inferred: true, ..: lib_target("rustc_sanitizers", ["lib"], "/Users/girivs/src/rust-tantraos/compiler/rustc_sanitizers/src/lib.rs", Edition2024) }
   0.267007791s  INFO prepare_target{force=false package_id=rustc_sanitizers v0.0.0 (/Users/girivs/src/rust-tantraos/compiler/rustc_sanitizers) target="rustc_sanitizers"}: cargo::core::compiler::fingerprint:     dirty: FsStatusOutdated(StaleDepFingerprint { name: "rustc_target" })
   0.267427125s  INFO prepare_target{force=false package_id=rustc_mir_build v0.0.0 (/Users/girivs/src/rust-tantraos/compiler/rustc_mir_build) target="rustc_mir_build"}: cargo::core::compiler::fingerprint: fingerprint dirty for rustc_mir_build v0.0.0 (/Users/girivs/src/rust-tantraos/compiler/rustc_mir_build)/Build/TargetInner { name_inferred: true, ..: lib_target("rustc_mir_build", ["lib"], "/Users/girivs/src/rust-tantraos/compiler/rustc_mir_build/src/lib.rs", Edition2024) }
   0.267429875s  INFO prepare_target{force=false package_id=rustc_mir_build v0.0.0 (/Users/girivs/src/rust-tantraos/compiler/rustc_mir_build) target="rustc_mir_build"}: cargo::core::compiler::fingerprint:     dirty: FsStatusOutdated(StaleDepFingerprint { name: "rustc_lint" })
   0.267808541s  INFO prepare_target{force=false package_id=rustc_pattern_analysis v0.0.0 (/Users/girivs/src/rust-tantraos/compiler/rustc_pattern_analysis) target="rustc_pattern_analysis"}: cargo::core::compiler::fingerprint: fingerprint dirty for rustc_pattern_analysis v0.0.0 (/Users/girivs/src/rust-tantraos/compiler/rustc_pattern_analysis)/Build/TargetInner { name_inferred: true, ..: lib_target("rustc_pattern_analysis", ["lib"], "/Users/girivs/src/rust-tantraos/compiler/rustc_pattern_analysis/src/lib.rs", Edition2024) }
   0.267811000s  INFO prepare_target{force=false package_id=rustc_pattern_analysis v0.0.0 (/Users/girivs/src/rust-tantraos/compiler/rustc_pattern_analysis) target="rustc_pattern_analysis"}: cargo::core::compiler::fingerprint:     dirty: FsStatusOutdated(StaleDepFingerprint { name: "rustc_session" })
   0.268196500s  INFO prepare_target{force=false package_id=rustc_mir_transform v0.0.0 (/Users/girivs/src/rust-tantraos/compiler/rustc_mir_transform) target="rustc_mir_transform"}: cargo::core::compiler::fingerprint: fingerprint dirty for rustc_mir_transform v0.0.0 (/Users/girivs/src/rust-tantraos/compiler/rustc_mir_transform)/Build/TargetInner { name_inferred: true, ..: lib_target("rustc_mir_transform", ["lib"], "/Users/girivs/src/rust-tantraos/compiler/rustc_mir_transform/src/lib.rs", Edition2024) }
   0.268198833s  INFO prepare_target{force=false package_id=rustc_mir_transform v0.0.0 (/Users/girivs/src/rust-tantraos/compiler/rustc_mir_transform) target="rustc_mir_transform"}: cargo::core::compiler::fingerprint:     dirty: FsStatusOutdated(StaleDepFingerprint { name: "rustc_target" })
   0.268632541s  INFO prepare_target{force=false package_id=rustc_monomorphize v0.0.0 (/Users/girivs/src/rust-tantraos/compiler/rustc_monomorphize) target="rustc_monomorphize"}: cargo::core::compiler::fingerprint: fingerprint dirty for rustc_monomorphize v0.0.0 (/Users/girivs/src/rust-tantraos/compiler/rustc_monomorphize)/Build/TargetInner { name_inferred: true, ..: lib_target("rustc_monomorphize", ["lib"], "/Users/girivs/src/rust-tantraos/compiler/rustc_monomorphize/src/lib.rs", Edition2024) }
   0.268634791s  INFO prepare_target{force=false package_id=rustc_monomorphize v0.0.0 (/Users/girivs/src/rust-tantraos/compiler/rustc_monomorphize) target="rustc_monomorphize"}: cargo::core::compiler::fingerprint:     dirty: FsStatusOutdated(StaleDepFingerprint { name: "rustc_target" })
   0.268985333s  INFO prepare_target{force=false package_id=rustc_passes v0.0.0 (/Users/girivs/src/rust-tantraos/compiler/rustc_passes) target="rustc_passes"}: cargo::core::compiler::fingerprint: fingerprint dirty for rustc_passes v0.0.0 (/Users/girivs/src/rust-tantraos/compiler/rustc_passes)/Build/TargetInner { name_inferred: true, ..: lib_target("rustc_passes", ["lib"], "/Users/girivs/src/rust-tantraos/compiler/rustc_passes/src/lib.rs", Edition2024) }
   0.268987625s  INFO prepare_target{force=false package_id=rustc_passes v0.0.0 (/Users/girivs/src/rust-tantraos/compiler/rustc_passes) target="rustc_passes"}: cargo::core::compiler::fingerprint:     dirty: FsStatusOutdated(StaleDepFingerprint { name: "rustc_target" })
   0.269350875s  INFO prepare_target{force=false package_id=rustc_privacy v0.0.0 (/Users/girivs/src/rust-tantraos/compiler/rustc_privacy) target="rustc_privacy"}: cargo::core::compiler::fingerprint: fingerprint dirty for rustc_privacy v0.0.0 (/Users/girivs/src/rust-tantraos/compiler/rustc_privacy)/Build/TargetInner { name_inferred: true, ..: lib_target("rustc_privacy", ["lib"], "/Users/girivs/src/rust-tantraos/compiler/rustc_privacy/src/lib.rs", Edition2024) }
   0.269352958s  INFO prepare_target{force=false package_id=rustc_privacy v0.0.0 (/Users/girivs/src/rust-tantraos/compiler/rustc_privacy) target="rustc_privacy"}: cargo::core::compiler::fingerprint:     dirty: FsStatusOutdated(StaleDepFingerprint { name: "rustc_session" })
   0.269728333s  INFO prepare_target{force=false package_id=rustc_ty_utils v0.0.0 (/Users/girivs/src/rust-tantraos/compiler/rustc_ty_utils) target="rustc_ty_utils"}: cargo::core::compiler::fingerprint: fingerprint dirty for rustc_ty_utils v0.0.0 (/Users/girivs/src/rust-tantraos/compiler/rustc_ty_utils)/Build/TargetInner { name_inferred: true, ..: lib_target("rustc_ty_utils", ["lib"], "/Users/girivs/src/rust-tantraos/compiler/rustc_ty_utils/src/lib.rs", Edition2024) }
   0.269730708s  INFO prepare_target{force=false package_id=rustc_ty_utils v0.0.0 (/Users/girivs/src/rust-tantraos/compiler/rustc_ty_utils) target="rustc_ty_utils"}: cargo::core::compiler::fingerprint:     dirty: FsStatusOutdated(StaleDepFingerprint { name: "rustc_target" })
   0.270132833s  INFO prepare_target{force=false package_id=rustc_query_impl v0.0.0 (/Users/girivs/src/rust-tantraos/compiler/rustc_query_impl) target="rustc_query_impl"}: cargo::core::compiler::fingerprint: fingerprint dirty for rustc_query_impl v0.0.0 (/Users/girivs/src/rust-tantraos/compiler/rustc_query_impl)/Build/TargetInner { name_inferred: true, ..: lib_target("rustc_query_impl", ["lib"], "/Users/girivs/src/rust-tantraos/compiler/rustc_query_impl/src/lib.rs", Edition2024) }
   0.270135166s  INFO prepare_target{force=false package_id=rustc_query_impl v0.0.0 (/Users/girivs/src/rust-tantraos/compiler/rustc_query_impl) target="rustc_query_impl"}: cargo::core::compiler::fingerprint:     dirty: FsStatusOutdated(StaleDepFingerprint { name: "rustc_hir" })
   0.270475666s  INFO prepare_target{force=false package_id=rustc_resolve v0.0.0 (/Users/girivs/src/rust-tantraos/compiler/rustc_resolve) target="rustc_resolve"}: cargo::core::compiler::fingerprint: fingerprint dirty for rustc_resolve v0.0.0 (/Users/girivs/src/rust-tantraos/compiler/rustc_resolve)/Build/TargetInner { name_inferred: true, ..: lib_target("rustc_resolve", ["lib"], "/Users/girivs/src/rust-tantraos/compiler/rustc_resolve/src/lib.rs", Edition2024) }
   0.270478250s  INFO prepare_target{force=false package_id=rustc_resolve v0.0.0 (/Users/girivs/src/rust-tantraos/compiler/rustc_resolve) target="rustc_resolve"}: cargo::core::compiler::fingerprint:     dirty: FsStatusOutdated(StaleDepFingerprint { name: "rustc_feature" })
   0.272088708s  INFO prepare_target{force=false package_id=rustc_public v0.1.0-preview (/Users/girivs/src/rust-tantraos/compiler/rustc_public) target="rustc_public"}: cargo::core::compiler::fingerprint: fingerprint dirty for rustc_public v0.1.0-preview (/Users/girivs/src/rust-tantraos/compiler/rustc_public)/Build/TargetInner { name_inferred: true, ..: lib_target("rustc_public", ["lib"], "/Users/girivs/src/rust-tantraos/compiler/rustc_public/src/lib.rs", Edition2024) }
   0.272090875s  INFO prepare_target{force=false package_id=rustc_public v0.1.0-preview (/Users/girivs/src/rust-tantraos/compiler/rustc_public) target="rustc_public"}: cargo::core::compiler::fingerprint:     dirty: FsStatusOutdated(StaleDepFingerprint { name: "rustc_target" })
   0.272455750s  INFO prepare_target{force=false package_id=rustc_public_bridge v0.0.0 (/Users/girivs/src/rust-tantraos/compiler/rustc_public_bridge) target="rustc_public_bridge"}: cargo::core::compiler::fingerprint: fingerprint dirty for rustc_public_bridge v0.0.0 (/Users/girivs/src/rust-tantraos/compiler/rustc_public_bridge)/Build/TargetInner { name_inferred: true, ..: lib_target("rustc_public_bridge", ["lib"], "/Users/girivs/src/rust-tantraos/compiler/rustc_public_bridge/src/lib.rs", Edition2024) }
   0.272458000s  INFO prepare_target{force=false package_id=rustc_public_bridge v0.0.0 (/Users/girivs/src/rust-tantraos/compiler/rustc_public_bridge) target="rustc_public_bridge"}: cargo::core::compiler::fingerprint:     dirty: FsStatusOutdated(StaleDepFingerprint { name: "rustc_target" })
       Fresh unicode-ident v1.0.18
       Fresh cfg-if v1.0.1
       Fresh stable_deref_trait v1.2.0
       Fresh bitflags v2.9.3
       Fresh proc-macro2 v1.0.101
       Fresh foldhash v0.1.5
       Fresh once_cell v1.21.3
       Fresh equivalent v1.0.2
       Fresh allocator-api2 v0.2.21
       Fresh version_check v0.9.5
       Fresh quote v1.0.40
       Fresh libc v0.2.174
       Fresh hashbrown v0.15.5
       Fresh proc-macro-hack v0.5.20+deprecated
       Fresh autocfg v1.5.0
       Fresh tracing-core v0.1.34
       Fresh syn v2.0.106
       Fresh indexmap v2.10.0
       Fresh getrandom v0.3.3
       Fresh log v0.4.27
       Fresh scopeguard v1.2.0
       Fresh pin-project-lite v0.2.16
       Fresh synstructure v0.13.2
       Fresh displaydoc v0.2.5
       Fresh zerovec-derive v0.11.1
       Fresh typenum v1.18.0
       Fresh tracing-attributes v0.1.30
       Fresh parking_lot_core v0.9.11
       Fresh errno v0.3.13
       Fresh zerofrom-derive v0.1.6
       Fresh yoke-derive v0.8.0
       Fresh lock_api v0.4.13
       Fresh generic-array v0.14.7
       Fresh tracing v0.1.41
       Fresh zerofrom v0.1.6
       Fresh parking_lot v0.12.4
       Fresh crossbeam-utils v0.8.21
       Fresh crypto-common v0.1.6
       Fresh block-buffer v0.10.4
       Fresh rustc-stable-hash v0.1.2
       Fresh rustix v1.0.8
       Fresh yoke v0.8.0
       Fresh unic-langid-macros-impl v0.9.6
       Fresh rustc_hashes v0.0.0 (/Users/girivs/src/rust-tantraos/compiler/rustc_hashes)
       Fresh digest v0.10.7
       Fresh crossbeam-epoch v0.9.18
       Fresh aho-corasick v1.1.3
       Fresh fastrand v2.3.0
       Fresh zerovec v0.11.4
       Fresh rustc-hash v1.1.0
       Fresh itoa v1.0.15
       Fresh regex-syntax v0.8.5
       Fresh thin-vec v0.2.14
       Fresh tempfile v3.20.0
       Fresh psm v0.1.26
       Fresh crossbeam-deque v0.8.6
       Fresh rustc_macros v0.0.0 (/Users/girivs/src/rust-tantraos/compiler/rustc_macros)
       Fresh tinystr v0.8.1
       Fresh regex-automata v0.4.9
       Fresh rustc_serialize v0.0.0 (/Users/girivs/src/rust-tantraos/compiler/rustc_serialize)
       Fresh thiserror-impl v2.0.15
       Fresh rustc_index_macros v0.0.0 (/Users/girivs/src/rust-tantraos/compiler/rustc_index_macros)
       Fresh cpufeatures v0.2.17
       Fresh either v1.15.0
       Fresh arrayvec v0.7.6
       Fresh unic-langid-impl v0.9.6
       Fresh rustc_index v0.0.0 (/Users/girivs/src/rust-tantraos/compiler/rustc_index)
       Fresh stacker v0.1.21
       Fresh measureme v12.0.3
       Fresh rustc_thread_pool v0.0.0 (/Users/girivs/src/rust-tantraos/compiler/rustc_thread_pool)
       Fresh ena v0.14.3
       Fresh memmap2 v0.2.3
       Fresh jobserver v0.1.33
       Fresh elsa v1.11.2
       Fresh rustc_arena v0.0.0 (/Users/girivs/src/rust-tantraos/compiler/rustc_arena)
       Fresh arrayref v0.3.9
       Fresh rustc_graphviz v0.0.0 (/Users/girivs/src/rust-tantraos/compiler/rustc_graphviz)
       Fresh constant_time_eq v0.3.1
       Fresh zerocopy v0.8.26
       Fresh sha1 v0.10.6
       Fresh sha2 v0.10.9
       Fresh rustc_data_structures v0.0.0 (/Users/girivs/src/rust-tantraos/compiler/rustc_data_structures)
       Fresh blake3 v1.8.2
       Fresh md-5 v0.10.6
       Fresh derive-where v1.6.0
       Fresh litemap v0.8.0
       Fresh scoped-tls v1.0.1
       Fresh writeable v0.6.1
       Fresh ppv-lite86 v0.2.21
       Fresh zerotrie v0.2.2
       Fresh rustc_span v0.0.0 (/Users/girivs/src/rust-tantraos/compiler/rustc_span)
       Fresh icu_locale_core v2.0.0
       Fresh rustc-literal-escaper v0.0.5
       Fresh potential_utf v0.1.2
       Fresh unicode-xid v0.2.6
       Fresh unicode-properties v0.1.3
       Fresh icu_provider v2.0.0
       Fresh rustc_ast_ir v0.0.0 (/Users/girivs/src/rust-tantraos/compiler/rustc_ast_ir)
       Fresh rustc_lexer v0.0.0 (/Users/girivs/src/rust-tantraos/compiler/rustc_lexer)
       Fresh icu_collections v2.0.0
       Fresh icu_locale_data v2.0.0
       Fresh icu_list v2.0.0
       Fresh rustc_ast v0.0.0 (/Users/girivs/src/rust-tantraos/compiler/rustc_ast)
       Fresh itertools v0.12.1
       Fresh serde_derive v1.0.219
       Fresh rand_core v0.9.3
       Fresh icu_locale v2.0.0
       Fresh serde v1.0.219
       Fresh rustc_ast_pretty v0.0.0 (/Users/girivs/src/rust-tantraos/compiler/rustc_ast_pretty)
       Fresh rand_chacha v0.9.0
       Fresh unic-langid-macros v0.9.6
       Fresh ryu v1.0.20
       Fresh rustc_baked_icu_data v0.0.0 (/Users/girivs/src/rust-tantraos/compiler/rustc_baked_icu_data)
       Fresh crc32fast v1.5.0
       Fresh rand v0.9.2
       Fresh serde_json v1.0.142
       Fresh unic-langid v0.9.6
       Fresh rand_xoshiro v0.7.0
       Fresh ref-cast-impl v1.0.24
       Fresh rustc_error_messages v0.0.0 (/Users/girivs/src/rust-tantraos/compiler/rustc_error_messages)
       Fresh wasmparser v0.236.1
       Fresh serde_derive_internals v0.29.1
       Fresh rustc_hir_id v0.0.0 (/Users/girivs/src/rust-tantraos/compiler/rustc_hir_id)
       Fresh rustc-hash v2.1.1
       Fresh strsim v0.11.1
       Fresh ident_case v1.0.1
       Fresh schemars_derive v1.0.4
       Fresh object v0.37.3
       Fresh rustc_abi v0.0.0 (/Users/girivs/src/rust-tantraos/compiler/rustc_abi)
       Fresh ref-cast v1.0.24
       Fresh dyn-clone v1.0.19
       Fresh fnv v1.0.7
       Fresh type-map v0.5.1
       Fresh thiserror v2.0.15
       Fresh serde_path_to_error v0.1.17
       Fresh rustc_fs_util v0.0.0 (/Users/girivs/src/rust-tantraos/compiler/rustc_fs_util)
       Fresh darling_core v0.20.11
       Fresh schemars v1.0.4
       Fresh memchr v2.7.5
       Fresh intl-memoizer v0.5.3
       Fresh fluent-langneg v0.13.0
       Fresh intl_pluralrules v7.0.2
       Fresh odht v0.3.1
       Fresh smallvec v1.15.1
       Fresh self_cell v1.2.0
       Dirty rustc_target v0.0.0 (/Users/girivs/src/rust-tantraos/compiler/rustc_target): the file `compiler/rustc_target/src/spec/targets/aarch64_tantraos.rs` has changed (1758009822.462244077s, 29m 37s after last build at 1758008045.239555862s)
   Compiling rustc_target v0.0.0 (/Users/girivs/src/rust-tantraos/compiler/rustc_target)
       Fresh fluent-syntax v0.12.0
       Fresh darling_macro v0.20.11
       Fresh unicode-width v0.2.1
       Fresh anstyle v1.0.11
       Fresh rustc_lint_defs v0.0.0 (/Users/girivs/src/rust-tantraos/compiler/rustc_lint_defs)
       Fresh termize v0.2.0
       Fresh rustc_error_codes v0.0.0 (/Users/girivs/src/rust-tantraos/compiler/rustc_error_codes)
       Fresh termcolor v1.4.1
       Fresh getopts v0.2.24
     Running `/Users/girivs/src/rust-tantraos/build/bootstrap/debug/rustc /Users/girivs/src/rust-tantraos/build/bootstrap/debug/rustc --crate-name rustc_target --edition=2024 compiler/rustc_target/src/lib.rs --error-format=json --json=diagnostic-rendered-ansi,artifacts,future-incompat --crate-type lib --emit=dep-info,metadata,link -C embed-bitcode=no -C codegen-units=16 -C debug-assertions=off --check-cfg 'cfg(docsrs,test)' --check-cfg 'cfg(feature, values())' -C metadata=f2c6f19f26442bd0 -C extra-filename=-35cf86096f412775 --out-dir /Users/girivs/src/rust-tantraos/build/aarch64-apple-darwin/stage1-rustc/aarch64-apple-darwin/debug/deps --target aarch64-apple-darwin -L dependency=/Users/girivs/src/rust-tantraos/build/aarch64-apple-darwin/stage1-rustc/aarch64-apple-darwin/debug/deps -L dependency=/Users/girivs/src/rust-tantraos/build/aarch64-apple-darwin/stage1-rustc/debug/deps --extern bitflags=/Users/girivs/src/rust-tantraos/build/aarch64-apple-darwin/stage1-rustc/aarch64-apple-darwin/debug/deps/libbitflags-135f596f25eed33e.rmeta --extern object=/Users/girivs/src/rust-tantraos/build/aarch64-apple-darwin/stage1-rustc/aarch64-apple-darwin/debug/deps/libobject-e37ebecb3728463b.rmeta --extern rustc_abi=/Users/girivs/src/rust-tantraos/build/aarch64-apple-darwin/stage1-rustc/aarch64-apple-darwin/debug/deps/librustc_abi-09e488c880f2e0a3.rmeta --extern rustc_data_structures=/Users/girivs/src/rust-tantraos/build/aarch64-apple-darwin/stage1-rustc/aarch64-apple-darwin/debug/deps/librustc_data_structures-53324afa57622985.rmeta --extern rustc_error_messages=/Users/girivs/src/rust-tantraos/build/aarch64-apple-darwin/stage1-rustc/aarch64-apple-darwin/debug/deps/librustc_error_messages-0036603d8f3b4898.rmeta --extern rustc_fs_util=/Users/girivs/src/rust-tantraos/build/aarch64-apple-darwin/stage1-rustc/aarch64-apple-darwin/debug/deps/librustc_fs_util-15cace19e9869a25.rmeta --extern rustc_macros=/Users/girivs/src/rust-tantraos/build/aarch64-apple-darwin/stage1-rustc/debug/deps/librustc_macros-82fd4294dca5b57c.dylib --extern rustc_serialize=/Users/girivs/src/rust-tantraos/build/aarch64-apple-darwin/stage1-rustc/aarch64-apple-darwin/debug/deps/librustc_serialize-5a0faa3d5df4fc89.rmeta --extern rustc_span=/Users/girivs/src/rust-tantraos/build/aarch64-apple-darwin/stage1-rustc/aarch64-apple-darwin/debug/deps/librustc_span-d6bec53b237ec4c4.rmeta --extern schemars=/Users/girivs/src/rust-tantraos/build/aarch64-apple-darwin/stage1-rustc/aarch64-apple-darwin/debug/deps/libschemars-f93c8be56e9f69f4.rmeta --extern serde=/Users/girivs/src/rust-tantraos/build/aarch64-apple-darwin/stage1-rustc/aarch64-apple-darwin/debug/deps/libserde-2bd80ce89840e1ef.rmeta --extern serde_derive=/Users/girivs/src/rust-tantraos/build/aarch64-apple-darwin/stage1-rustc/debug/deps/libserde_derive-f921f5e53fe61646.dylib --extern serde_json=/Users/girivs/src/rust-tantraos/build/aarch64-apple-darwin/stage1-rustc/aarch64-apple-darwin/debug/deps/libserde_json-3c3126d7da243026.rmeta --extern serde_path_to_error=/Users/girivs/src/rust-tantraos/build/aarch64-apple-darwin/stage1-rustc/aarch64-apple-darwin/debug/deps/libserde_path_to_error-6376b4ad595709ec.rmeta --extern tracing=/Users/girivs/src/rust-tantraos/build/aarch64-apple-darwin/stage1-rustc/aarch64-apple-darwin/debug/deps/libtracing-5605f2f867fad977.rmeta --cfg=bootstrap --cfg=windows_raw_dylib -Csymbol-mangling-version=v0 -Zunstable-options '--check-cfg=cfg(bootstrap)' '--check-cfg=cfg(llvm_enzyme)' -Zmacro-backtrace -Csplit-debuginfo=unpacked -Zosx-rpath-install-name '-Clink-args=-Wl,-rpath,@loader_path/../lib' -Alinker-messages -Zon-broken-pipe=kill -Clto=off -Z binary-dep-depinfo -L native=/Users/girivs/src/rust-tantraos/build/aarch64-apple-darwin/stage1-rustc/aarch64-apple-darwin/debug/build/psm-4644cc58932be6af/out -L native=/Users/girivs/src/rust-tantraos/build/aarch64-apple-darwin/stage1-rustc/aarch64-apple-darwin/debug/build/blake3-486d38906040b2a9/out`
       Fresh fluent-bundle v0.16.0
       Fresh darling v0.20.11
       Fresh annotate-snippets v0.11.5
       Fresh rustc_type_ir_macros v0.0.0 (/Users/girivs/src/rust-tantraos/compiler/rustc_type_ir_macros)
       Fresh datafrog v2.0.1
       Fresh gsgdt v0.1.2
       Fresh tinyvec_macros v0.1.1
       Fresh rustc_fluent_macro v0.0.0 (/Users/girivs/src/rust-tantraos/compiler/rustc_fluent_macro)
       Fresh derive_setters v0.1.8
       Fresh rustc_type_ir v0.0.0 (/Users/girivs/src/rust-tantraos/compiler/rustc_type_ir)
       Fresh polonius-engine v0.13.0
       Fresh tinyvec v1.9.0
       Fresh rustc_parse_format v0.0.0 (/Users/girivs/src/rust-tantraos/compiler/rustc_parse_format)
       Fresh getrandom v0.2.16
       Fresh regex v1.11.1
       Fresh rustc_errors v0.0.0 (/Users/girivs/src/rust-tantraos/compiler/rustc_errors)
       Fresh rustc_apfloat v0.2.3+llvm-462a31f5a5ab
       Fresh unicode-normalization v0.1.24
       Fresh rustc_next_trait_solver v0.0.0 (/Users/girivs/src/rust-tantraos/compiler/rustc_next_trait_solver)
       Fresh rand_core v0.6.4
       Fresh rustc_proc_macro v0.0.0 (/Users/girivs/src/rust-tantraos/compiler/rustc_proc_macro)
       Fresh static_assertions v1.1.0
       Fresh adler2 v2.0.1
       Fresh rand_chacha v0.3.1
       Fresh miniz_oxide v0.8.9
       Fresh unicode-script v0.5.7
       Fresh libloading v0.8.8
       Fresh regex-syntax v0.6.29
       Fresh fallible-iterator v0.3.0
       Fresh leb128 v0.2.5
       Fresh rand v0.8.5
       Fresh flate2 v1.1.2
       Fresh unicode-security v0.1.2
       Fresh regex-automata v0.1.10
       Fresh gimli v0.31.1
       Fresh cfg_aliases v0.2.1
       Fresh punycode v0.4.1
       Fresh rustc-demangle v0.1.26
       Fresh overload v0.1.1
       Fresh twox-hash v1.6.3
       Fresh shlex v1.3.0
       Fresh lazy_static v1.5.0
       Fresh matchers v0.1.0
       Fresh nu-ansi-term v0.46.0
       Fresh wasm-encoder v0.219.2
       Fresh ruzstd v0.7.3
       Fresh cc v1.2.16
       Fresh sharded-slab v0.1.7
       Fresh ar_archive_writer v0.5.1
       Fresh bstr v1.12.0
       Fresh rustc_windows_rc v0.0.0 (/Users/girivs/src/rust-tantraos/compiler/rustc_windows_rc)
       Fresh thread_local v1.1.9
       Fresh pathdiff v0.2.3
       Fresh object v0.36.7
       Fresh unicase v2.8.1
       Fresh pulldown-cmark-escape v0.11.0
       Fresh tracing-subscriber v0.3.18
       Fresh rustc_llvm v0.0.0 (/Users/girivs/src/rust-tantraos/compiler/rustc_llvm)
       Fresh tracing-log v0.2.0
       Fresh nu-ansi-term v0.50.1
       Fresh thorin-dwp v0.9.0
       Fresh pulldown-cmark v0.11.3
       Fresh tracing-tree v0.3.1
       Fresh nix v0.30.1
       Fresh jiff v0.2.15
       Fresh rustc_log v0.0.0 (/Users/girivs/src/rust-tantraos/compiler/rustc_log)
       Fresh ctrlc v3.4.7
